Archive member included to satisfy reference by file (symbol)

e:/app/code/mounriver/mounriver_studio2/resources/app/resources/win32/components/wch/toolchain/risc-v embedded gcc/bin/../lib/gcc/riscv-none-embed/8.2.0/../../../../riscv-none-embed/lib/rv32imacxw/ilp32\libm.a(lib_a-s_floor.o)
                              ./User/main.o (floor)
e:/app/code/mounriver/mounriver_studio2/resources/app/resources/win32/components/wch/toolchain/risc-v embedded gcc/bin/../lib/gcc/riscv-none-embed/8.2.0/../../../../riscv-none-embed/lib/rv32imacxw/ilp32\libm.a(lib_a-w_log.o)
                              ./User/main.o (log)
e:/app/code/mounriver/mounriver_studio2/resources/app/resources/win32/components/wch/toolchain/risc-v embedded gcc/bin/../lib/gcc/riscv-none-embed/8.2.0/../../../../riscv-none-embed/lib/rv32imacxw/ilp32\libm.a(lib_a-e_log.o)
                              e:/app/code/mounriver/mounriver_studio2/resources/app/resources/win32/components/wch/toolchain/risc-v embedded gcc/bin/../lib/gcc/riscv-none-embed/8.2.0/../../../../riscv-none-embed/lib/rv32imacxw/ilp32\libm.a(lib_a-w_log.o) (__ieee754_log)
e:/app/code/mounriver/mounriver_studio2/resources/app/resources/win32/components/wch/toolchain/risc-v embedded gcc/bin/../lib/gcc/riscv-none-embed/8.2.0/../../../../riscv-none-embed/lib/rv32imacxw/ilp32\libm.a(lib_a-s_lib_ver.o)
                              e:/app/code/mounriver/mounriver_studio2/resources/app/resources/win32/components/wch/toolchain/risc-v embedded gcc/bin/../lib/gcc/riscv-none-embed/8.2.0/../../../../riscv-none-embed/lib/rv32imacxw/ilp32\libm.a(lib_a-w_log.o) (__fdlib_version)
e:/app/code/mounriver/mounriver_studio2/resources/app/resources/win32/components/wch/toolchain/risc-v embedded gcc/bin/../lib/gcc/riscv-none-embed/8.2.0/../../../../riscv-none-embed/lib/rv32imacxw/ilp32\libm.a(lib_a-s_matherr.o)
                              e:/app/code/mounriver/mounriver_studio2/resources/app/resources/win32/components/wch/toolchain/risc-v embedded gcc/bin/../lib/gcc/riscv-none-embed/8.2.0/../../../../riscv-none-embed/lib/rv32imacxw/ilp32\libm.a(lib_a-w_log.o) (matherr)
e:/app/code/mounriver/mounriver_studio2/resources/app/resources/win32/components/wch/toolchain/risc-v embedded gcc/bin/../lib/gcc/riscv-none-embed/8.2.0/../../../../riscv-none-embed/lib/rv32imacxw/ilp32\libm.a(lib_a-s_nan.o)
                              e:/app/code/mounriver/mounriver_studio2/resources/app/resources/win32/components/wch/toolchain/risc-v embedded gcc/bin/../lib/gcc/riscv-none-embed/8.2.0/../../../../riscv-none-embed/lib/rv32imacxw/ilp32\libm.a(lib_a-w_log.o) (nan)
e:/app/code/mounriver/mounriver_studio2/resources/app/resources/win32/components/wch/toolchain/risc-v embedded gcc/bin/../lib/gcc/riscv-none-embed/8.2.0/rv32imacxw/ilp32\libgcc.a(adddf3.o)
                              ./User/main.o (__adddf3)
e:/app/code/mounriver/mounriver_studio2/resources/app/resources/win32/components/wch/toolchain/risc-v embedded gcc/bin/../lib/gcc/riscv-none-embed/8.2.0/rv32imacxw/ilp32\libgcc.a(divdf3.o)
                              ./User/main.o (__divdf3)
e:/app/code/mounriver/mounriver_studio2/resources/app/resources/win32/components/wch/toolchain/risc-v embedded gcc/bin/../lib/gcc/riscv-none-embed/8.2.0/rv32imacxw/ilp32\libgcc.a(eqdf2.o)
                              e:/app/code/mounriver/mounriver_studio2/resources/app/resources/win32/components/wch/toolchain/risc-v embedded gcc/bin/../lib/gcc/riscv-none-embed/8.2.0/../../../../riscv-none-embed/lib/rv32imacxw/ilp32\libm.a(lib_a-w_log.o) (__eqdf2)
e:/app/code/mounriver/mounriver_studio2/resources/app/resources/win32/components/wch/toolchain/risc-v embedded gcc/bin/../lib/gcc/riscv-none-embed/8.2.0/rv32imacxw/ilp32\libgcc.a(gedf2.o)
                              e:/app/code/mounriver/mounriver_studio2/resources/app/resources/win32/components/wch/toolchain/risc-v embedded gcc/bin/../lib/gcc/riscv-none-embed/8.2.0/../../../../riscv-none-embed/lib/rv32imacxw/ilp32\libm.a(lib_a-s_floor.o) (__gtdf2)
e:/app/code/mounriver/mounriver_studio2/resources/app/resources/win32/components/wch/toolchain/risc-v embedded gcc/bin/../lib/gcc/riscv-none-embed/8.2.0/rv32imacxw/ilp32\libgcc.a(muldf3.o)
                              ./User/main.o (__muldf3)
e:/app/code/mounriver/mounriver_studio2/resources/app/resources/win32/components/wch/toolchain/risc-v embedded gcc/bin/../lib/gcc/riscv-none-embed/8.2.0/rv32imacxw/ilp32\libgcc.a(subdf3.o)
                              ./User/main.o (__subdf3)
e:/app/code/mounriver/mounriver_studio2/resources/app/resources/win32/components/wch/toolchain/risc-v embedded gcc/bin/../lib/gcc/riscv-none-embed/8.2.0/rv32imacxw/ilp32\libgcc.a(unorddf2.o)
                              e:/app/code/mounriver/mounriver_studio2/resources/app/resources/win32/components/wch/toolchain/risc-v embedded gcc/bin/../lib/gcc/riscv-none-embed/8.2.0/../../../../riscv-none-embed/lib/rv32imacxw/ilp32\libm.a(lib_a-w_log.o) (__unorddf2)
[...]
Memory Configuration

Name             Origin             Length             Attributes
FLASH            0x0000000000000000 0x000000000000f800 xr
RAM              0x0000000020000000 0x0000000000005000 xrw
*default*        0x0000000000000000 0xffffffffffffffff

Linker script and memory map

LOAD ./User/AiP650E.o
LOAD ./User/ch32x035_it.o
LOAD ./User/main.o
LOAD ./User/system_ch32x035.o
LOAD ./Startup/startup_ch32x035.o
LOAD ./Peripheral/src/ch32x035_adc.o
LOAD ./Peripheral/src/ch32x035_awu.o
LOAD ./Peripheral/src/ch32x035_dbgmcu.o
LOAD ./Peripheral/src/ch32x035_dma.o
LOAD ./Peripheral/src/ch32x035_exti.o
LOAD ./Peripheral/src/ch32x035_flash.o
LOAD ./Peripheral/src/ch32x035_gpio.o
LOAD ./Peripheral/src/ch32x035_i2c.o
LOAD ./Peripheral/src/ch32x035_iwdg.o
LOAD ./Peripheral/src/ch32x035_misc.o
LOAD ./Peripheral/src/ch32x035_opa.o
LOAD ./Peripheral/src/ch32x035_pwr.o
LOAD ./Peripheral/src/ch32x035_rcc.o
LOAD ./Peripheral/src/ch32x035_spi.o
LOAD ./Peripheral/src/ch32x035_tim.o
LOAD ./Peripheral/src/ch32x035_usart.o
LOAD ./Peripheral/src/ch32x035_wwdg.o
LOAD ./Debug/debug.o
LOAD ./Core/core_riscv.o
LOAD e:/app/code/mounriver/mounriver_studio2/resources/app/resources/win32/components/wch/toolchain/risc-v embedded gcc/bin/../lib/gcc/riscv-none-embed/8.2.0/../../../../riscv-none-embed/lib/rv32imacxw/ilp32\libm.a
LOAD e:/app/code/mounriver/mounriver_studio2/resources/app/resources/win32/components/wch/toolchain/risc-v embedded gcc/bin/../lib/gcc/riscv-none-embed/8.2.0/rv32imacxw/ilp32\libgcc.a
LOAD e:/app/code/mounriver/mounriver_studio2/resources/app/resources/win32/components/wch/toolchain/risc-v embedded gcc/bin/../lib/gcc/riscv-none-embed/8.2.0/../../../../riscv-none-embed/lib/rv32imacxw/ilp32\libg_nano.a
LOAD e:/app/code/mounriver/mounriver_studio2/resources/app/resources/win32/components/wch/toolchain/risc-v embedded gcc/bin/../lib/gcc/riscv-none-embed/8.2.0/../../../../riscv-none-embed/lib/rv32imacxw/ilp32\libc_nano.a
LOAD e:/app/code/mounriver/mounriver_studio2/resources/app/resources/win32/components/wch/toolchain/risc-v embedded gcc/bin/../lib/gcc/riscv-none-embed/8.2.0/rv32imacxw/ilp32\libgcc.a
START GROUP
LOAD e:/app/code/mounriver/mounriver_studio2/resources/app/resources/win32/components/wch/toolchain/risc-v embedded gcc/bin/../lib/gcc/riscv-none-embed/8.2.0/rv32imacxw/ilp32\libgcc.a
LOAD e:/app/code/mounriver/mounriver_studio2/resources/app/resources/win32/components/wch/toolchain/risc-v embedded gcc/bin/../lib/gcc/riscv-none-embed/8.2.0/../../../../riscv-none-embed/lib/rv32imacxw/ilp32\libc_nano.a
LOAD e:/app/code/mounriver/mounriver_studio2/resources/app/resources/win32/components/wch/toolchain/risc-v embedded gcc/bin/../lib/gcc/riscv-none-embed/8.2.0/../../../../riscv-none-embed/lib/rv32imacxw/ilp32\libnosys.a
END GROUP
START GROUP
LOAD e:/app/code/mounriver/mounriver_studio2/resources/app/resources/win32/components/wch/toolchain/risc-v embedded gcc/bin/../lib/gcc/riscv-none-embed/8.2.0/rv32imacxw/ilp32\libgcc.a
LOAD e:/app/code/mounriver/mounriver_studio2/resources/app/resources/win32/components/wch/toolchain/risc-v embedded gcc/bin/../lib/gcc/riscv-none-embed/8.2.0/../../../../riscv-none-embed/lib/rv32imacxw/ilp32\libc_nano.a
LOAD e:/app/code/mounriver/mounriver_studio2/resources/app/resources/win32/components/wch/toolchain/risc-v embedded gcc/bin/../lib/gcc/riscv-none-embed/8.2.0/../../../../riscv-none-embed/lib/rv32imacxw/ilp32\libnosys.a
END GROUP
                0x0000000000000800                __stack_size = 0x800
                [!provide]                        PROVIDE (_stack_size = __stack_size)

.init           0x0000000000000000        0x4
                0x0000000000000000                _sinit = .
                0x0000000000000000                . = ALIGN (0x4)
 *(SORT_NONE(.init))
 .init          0x0000000000000000        0x4 ./Startup/startup_ch32x035.o
                0x0000000000000000                _start
                0x0000000000000004                . = ALIGN (0x4)
                0x0000000000000004                _einit = .

.vector         0x0000000000000004       0xfc
 *(.vector)
 .vector        0x0000000000000004       0xdc ./Startup/startup_ch32x035.o
                0x0000000000000100                . = ALIGN (0x40)
 *fill*         0x00000000000000e0       0x20 

.text           0x0000000000000100     0x5e4c
                0x0000000000000100                . = ALIGN (0x4)
 *(.text)
 .text          0x0000000000000100       0x60 e:/app/code/mounriver/mounriver_studio2/resources/app/resources/win32/components/wch/toolchain/risc-v embedded gcc/bin/../lib/gcc/riscv-none-embed/8.2.0/rv32imacxw/ilp32\libgcc.a(save-restore.o)
                0x0000000000000100                __riscv_save_12
                0x0000000000000108                __riscv_save_9
                0x0000000000000108                __riscv_save_11
                0x0000000000000108                __riscv_save_10
                0x0000000000000108                __riscv_save_8
                0x0000000000000116                __riscv_save_4
                0x0000000000000116                __riscv_save_6
                0x0000000000000116                __riscv_save_5
                0x0000000000000116                __riscv_save_7
                0x0000000000000130                __riscv_save_3
                0x0000000000000130                __riscv_save_2
                0x0000000000000130                __riscv_save_1
                0x0000000000000130                __riscv_save_0
                0x000000000000013c                __riscv_restore_12
                0x0000000000000140                __riscv_restore_11
                0x0000000000000140                __riscv_restore_9
                0x0000000000000140                __riscv_restore_10
                0x0000000000000140                __riscv_restore_8
                0x000000000000014a                __riscv_restore_5
                0x000000000000014a                __riscv_restore_7
                0x000000000000014a                __riscv_restore_6
                0x000000000000014a                __riscv_restore_4
                0x0000000000000154                __riscv_restore_3
                0x0000000000000154                __riscv_restore_0
                0x0000000000000154                __riscv_restore_2
                0x0000000000000154                __riscv_restore_1
 .text          0x0000000000000160       0xa8 e:/app/code/mounriver/mounriver_studio2/resources/app/resources/win32/components/wch/toolchain/risc-v embedded gcc/bin/../lib/gcc/riscv-none-embed/8.2.0/../../../../riscv-none-embed/lib/rv32imacxw/ilp32\libg_nano.a(lib_a-memset.o)
                0x0000000000000160                memset
 *(.text.*)
 .text.soft_AiP650E_Init
                0x0000000000000208       0x60 ./User/AiP650E.o
                0x0000000000000208                soft_AiP650E_Init
 .text.AiP650E_START
                0x0000000000000268       0x3c ./User/AiP650E.o
                0x0000000000000268                AiP650E_START
 .text.AiP650E_STOP
                0x00000000000002a4       0x4e ./User/AiP650E.o
                0x00000000000002a4                AiP650E_STOP
 .text.AiP650E_waitACK
                0x00000000000002f2       0x86 ./User/AiP650E.o
                0x00000000000002f2                AiP650E_waitACK
 .text.soft_AiP650E_Write
                0x0000000000000378       0x76 ./User/AiP650E.o
                0x0000000000000378                soft_AiP650E_Write
 .text.AiP_Display
                0x00000000000003ee       0x1a ./User/AiP650E.o
 .text.soft_AiP650E_Read
                0x0000000000000408       0xb0 ./User/AiP650E.o
                0x0000000000000408                soft_AiP650E_Read
 .text.AiP_Temp2Array
                0x00000000000004b8       0x2e ./User/AiP650E.o
                0x00000000000004b8                AiP_Temp2Array
 .text.AiP_PWM2Array
                0x00000000000004e6       0x3c ./User/AiP650E.o
                0x00000000000004e6                AiP_PWM2Array
 .text.AiP_Mode2Array
                0x0000000000000522       0x18 ./User/AiP650E.o
                0x0000000000000522                AiP_Mode2Array
 .text.AiP650E_Display_Number
                0x000000000000053a       0x54 ./User/AiP650E.o
                0x000000000000053a                AiP650E_Display_Number
 .text.AiP650E_Fresh
                0x000000000000058e       0x1e ./User/AiP650E.o
                0x000000000000058e                AiP650E_Fresh
 .text.AiP650E_Return_KEY
                0x00000000000005ac       0x1a ./User/AiP650E.o
                0x00000000000005ac                AiP650E_Return_KEY
 .text.NMI_Handler
                0x00000000000005c6        0x2 ./User/ch32x035_it.o
                0x00000000000005c6                NMI_Handler
 .text.HardFault_Handler
                0x00000000000005c8       0x10 ./User/ch32x035_it.o
                0x00000000000005c8                HardFault_Handler
 .text.TIM1_PWMOut_Init
                0x00000000000005d8       0xac ./User/main.o
                0x00000000000005d8                TIM1_PWMOut_Init
 .text.ADC_Function_Init
                0x0000000000000684       0x82 ./User/main.o
                0x0000000000000684                ADC_Function_Init
 .text.Get_ADC_Val
                0x0000000000000706       0x32 ./User/main.o
                0x0000000000000706                Get_ADC_Val
 .text.ADC2TEMP
                0x0000000000000738       0xa6 ./User/main.o
                0x0000000000000738                ADC2TEMP
 .text.calculatePWM
                0x00000000000007de      0x148 ./User/main.o
                0x00000000000007de                calculatePWM
 .text.Flash_Write_Fast
                0x0000000000000926       0xa6 ./User/main.o
                0x0000000000000926                Flash_Write_Fast
 .text.startup.main
                0x00000000000009cc      0x13e ./User/main.o
                0x00000000000009cc                main
 .text.SystemInit
                0x0000000000000b0a       0x42 ./User/system_ch32x035.o
                0x0000000000000b0a                SystemInit
 .text.SystemCoreClockUpdate
                0x0000000000000b4c       0x3a ./User/system_ch32x035.o
                0x0000000000000b4c                SystemCoreClockUpdate
 .text.vector_handler
                0x0000000000000b86        0x2 ./Startup/startup_ch32x035.o
                0x0000000000000b86                TIM1_CC_IRQHandler
                0x0000000000000b86                TIM2_UP_IRQHandler
                0x0000000000000b86                USBPD_IRQHandler
                0x0000000000000b86                SysTick_Handler
                0x0000000000000b86                PVD_IRQHandler
                0x0000000000000b86                EXTI25_16_IRQHandler
                0x0000000000000b86                USBFS_IRQHandler
                0x0000000000000b86                Break_Point_Handler
                0x0000000000000b86                TIM2_TRG_COM_IRQHandler
                0x0000000000000b86                TIM2_CC_IRQHandler
                0x0000000000000b86                SPI1_IRQHandler
                0x0000000000000b86                AWU_IRQHandler
                0x0000000000000b86                EXTI7_0_IRQHandler
                0x0000000000000b86                Ecall_M_Mode_Handler
                0x0000000000000b86                DMA1_Channel4_IRQHandler
                0x0000000000000b86                ADC1_IRQHandler
                0x0000000000000b86                TIM2_BRK_IRQHandler
                0x0000000000000b86                USART3_IRQHandler
                0x0000000000000b86                DMA1_Channel7_IRQHandler
                0x0000000000000b86                USBPDWakeUp_IRQHandler
                0x0000000000000b86                EXTI15_8_IRQHandler
                0x0000000000000b86                I2C1_EV_IRQHandler
                0x0000000000000b86                USART4_IRQHandler
                0x0000000000000b86                DMA1_Channel6_IRQHandler
                0x0000000000000b86                TIM3_IRQHandler
                0x0000000000000b86                TIM1_TRG_COM_IRQHandler
                0x0000000000000b86                DMA1_Channel1_IRQHandler
                0x0000000000000b86                DMA1_Channel8_IRQHandler
                0x0000000000000b86                PIOC_IRQHandler
                0x0000000000000b86                DMA1_Channel5_IRQHandler
                0x0000000000000b86                DMA1_Channel3_IRQHandler
                0x0000000000000b86                TIM1_UP_IRQHandler
                0x0000000000000b86                WWDG_IRQHandler
                0x0000000000000b86                Ecall_U_Mode_Handler
                0x0000000000000b86                SW_Handler
                0x0000000000000b86                TIM1_BRK_IRQHandler
                0x0000000000000b86                OPA_IRQHandler
                0x0000000000000b86                USART2_IRQHandler
                0x0000000000000b86                DMA1_Channel2_IRQHandler
                0x0000000000000b86                FLASH_IRQHandler
                0x0000000000000b86                USBFSWakeUp_IRQHandler
                0x0000000000000b86                USART1_IRQHandler
                0x0000000000000b86                I2C1_ER_IRQHandler
 .text.handle_reset
                0x0000000000000b88       0x86 ./Startup/startup_ch32x035.o
                0x0000000000000b88                handle_reset
 .text.ADC_DeInit
                0x0000000000000c0e       0x26 ./Peripheral/src/ch32x035_adc.o
                0x0000000000000c0e                ADC_DeInit
 .text.ADC_Init
                0x0000000000000c34       0x56 ./Peripheral/src/ch32x035_adc.o
                0x0000000000000c34                ADC_Init
 .text.ADC_Cmd  0x0000000000000c8a       0x10 ./Peripheral/src/ch32x035_adc.o
                0x0000000000000c8a                ADC_Cmd
 .text.ADC_DMACmd
                0x0000000000000c9a       0x12 ./Peripheral/src/ch32x035_adc.o
                0x0000000000000c9a                ADC_DMACmd
 .text.ADC_SoftwareStartConvCmd
                0x0000000000000cac       0x18 ./Peripheral/src/ch32x035_adc.o
                0x0000000000000cac                ADC_SoftwareStartConvCmd
 .text.ADC_RegularChannelConfig
                0x0000000000000cc4       0xb8 ./Peripheral/src/ch32x035_adc.o
                0x0000000000000cc4                ADC_RegularChannelConfig
 .text.ADC_GetConversionValue
                0x0000000000000d7c        0x8 ./Peripheral/src/ch32x035_adc.o
                0x0000000000000d7c                ADC_GetConversionValue
 .text.ADC_GetFlagStatus
                0x0000000000000d84        0xa ./Peripheral/src/ch32x035_adc.o
                0x0000000000000d84                ADC_GetFlagStatus
 .text.ADC_CLKConfig
                0x0000000000000d8e        0xc ./Peripheral/src/ch32x035_adc.o
                0x0000000000000d8e                ADC_CLKConfig
 .text.ROM_ERASE
                0x0000000000000d9a       0xba ./Peripheral/src/ch32x035_flash.o
 .text.FLASH_ROM_ERASE
                0x0000000000000e54      0x182 ./Peripheral/src/ch32x035_flash.o
                0x0000000000000e54                FLASH_ROM_ERASE
 .text.FLASH_ROM_WRITE
                0x0000000000000fd6       0xf8 ./Peripheral/src/ch32x035_flash.o
                0x0000000000000fd6                FLASH_ROM_WRITE
 .text.GPIO_Init
                0x00000000000010ce      0x18e ./Peripheral/src/ch32x035_gpio.o
                0x00000000000010ce                GPIO_Init
 .text.GPIO_ReadInputDataBit
                0x000000000000125c        0xa ./Peripheral/src/ch32x035_gpio.o
                0x000000000000125c                GPIO_ReadInputDataBit
 .text.GPIO_SetBits
                0x0000000000001266        0xe ./Peripheral/src/ch32x035_gpio.o
                0x0000000000001266                GPIO_SetBits
 .text.GPIO_ResetBits
                0x0000000000001274        0x4 ./Peripheral/src/ch32x035_gpio.o
                0x0000000000001274                GPIO_ResetBits
 .text.RCC_GetClocksFreq
                0x0000000000001278       0x3e ./Peripheral/src/ch32x035_rcc.o
                0x0000000000001278                RCC_GetClocksFreq
 .text.RCC_APB2PeriphClockCmd
                0x00000000000012b6       0x1e ./Peripheral/src/ch32x035_rcc.o
                0x00000000000012b6                RCC_APB2PeriphClockCmd
 .text.RCC_APB2PeriphResetCmd
                0x00000000000012d4       0x1e ./Peripheral/src/ch32x035_rcc.o
                0x00000000000012d4                RCC_APB2PeriphResetCmd
 .text.TIM_TimeBaseInit
                0x00000000000012f2       0x56 ./Peripheral/src/ch32x035_tim.o
                0x00000000000012f2                TIM_TimeBaseInit
 .text.TIM_OC1Init
                0x0000000000001348       0x72 ./Peripheral/src/ch32x035_tim.o
                0x0000000000001348                TIM_OC1Init
 .text.TIM_Cmd  0x00000000000013ba       0x18 ./Peripheral/src/ch32x035_tim.o
                0x00000000000013ba                TIM_Cmd
 .text.TIM_CtrlPWMOutputs
                0x00000000000013d2       0x16 ./Peripheral/src/ch32x035_tim.o
                0x00000000000013d2                TIM_CtrlPWMOutputs
 .text.TIM_ARRPreloadConfig
                0x00000000000013e8       0x1a ./Peripheral/src/ch32x035_tim.o
                0x00000000000013e8                TIM_ARRPreloadConfig
 .text.TIM_OC1PreloadConfig
                0x0000000000001402        0xe ./Peripheral/src/ch32x035_tim.o
                0x0000000000001402                TIM_OC1PreloadConfig
 .text.USART_Init
                0x0000000000001410       0x8e ./Peripheral/src/ch32x035_usart.o
                0x0000000000001410                USART_Init
 .text.USART_Cmd
                0x000000000000149e       0x16 ./Peripheral/src/ch32x035_usart.o
                0x000000000000149e                USART_Cmd
 .text.USART_SendData
                0x00000000000014b4        0x8 ./Peripheral/src/ch32x035_usart.o
                0x00000000000014b4                USART_SendData
 .text.USART_GetFlagStatus
                0x00000000000014bc        0xa ./Peripheral/src/ch32x035_usart.o
                0x00000000000014bc                USART_GetFlagStatus
 .text.Delay_Init
                0x00000000000014c6       0x2a ./Debug/debug.o
                0x00000000000014c6                Delay_Init
 .text.Delay_Us
                0x00000000000014f0       0x36 ./Debug/debug.o
                0x00000000000014f0                Delay_Us
 .text.Delay_Ms
                0x0000000000001526       0x36 ./Debug/debug.o
                0x0000000000001526                Delay_Ms
 .text.USART_Printf_Init
                0x000000000000155c       0x54 ./Debug/debug.o
                0x000000000000155c                USART_Printf_Init
 .text._write   0x00000000000015b0       0x3a ./Debug/debug.o
                0x00000000000015b0                _write
 .text._sbrk    0x00000000000015ea       0x26 ./Debug/debug.o
                0x00000000000015ea                _sbrk
 .text.floor    0x0000000000001610      0x150 e:/app/code/mounriver/mounriver_studio2/resources/app/resources/win32/components/wch/toolchain/risc-v embedded gcc/bin/../lib/gcc/riscv-none-embed/8.2.0/../../../../riscv-none-embed/lib/rv32imacxw/ilp32\libm.a(lib_a-s_floor.o)
                0x0000000000001610                floor
 .text.log      0x0000000000001760      0x112 e:/app/code/mounriver/mounriver_studio2/resources/app/resources/win32/components/wch/toolchain/risc-v embedded gcc/bin/../lib/gcc/riscv-none-embed/8.2.0/../../../../riscv-none-embed/lib/rv32imacxw/ilp32\libm.a(lib_a-w_log.o)
                0x0000000000001760                log
 .text.__ieee754_log
                0x0000000000001872      0x3d8 e:/app/code/mounriver/mounriver_studio2/resources/app/resources/win32/components/wch/toolchain/risc-v embedded gcc/bin/../lib/gcc/riscv-none-embed/8.2.0/../../../../riscv-none-embed/lib/rv32imacxw/ilp32\libm.a(lib_a-e_log.o)
                0x0000000000001872                __ieee754_log
 .text.matherr  0x0000000000001c4a        0x4 e:/app/code/mounriver/mounriver_studio2/resources/app/resources/win32/components/wch/toolchain/risc-v embedded gcc/bin/../lib/gcc/riscv-none-embed/8.2.0/../../../../riscv-none-embed/lib/rv32imacxw/ilp32\libm.a(lib_a-s_matherr.o)
                0x0000000000001c4a                matherr
 .text.nan      0x0000000000001c4e        0xe e:/app/code/mounriver/mounriver_studio2/resources/app/resources/win32/components/wch/toolchain/risc-v embedded gcc/bin/../lib/gcc/riscv-none-embed/8.2.0/../../../../riscv-none-embed/lib/rv32imacxw/ilp32\libm.a(lib_a-s_nan.o)
                0x0000000000001c4e                nan
 .text.__adddf3
                0x0000000000001c5c      0x730 e:/app/code/mounriver/mounriver_studio2/resources/app/resources/win32/components/wch/toolchain/risc-v embedded gcc/bin/../lib/gcc/riscv-none-embed/8.2.0/rv32imacxw/ilp32\libgcc.a(adddf3.o)
                0x0000000000001c5c                __adddf3
 .text.__divdf3
                0x000000000000238c      0x5b4 e:/app/code/mounriver/mounriver_studio2/resources/app/resources/win32/components/wch/toolchain/risc-v embedded gcc/bin/../lib/gcc/riscv-none-embed/8.2.0/rv32imacxw/ilp32\libgcc.a(divdf3.o)
                0x000000000000238c                __divdf3
 .text.__eqdf2  0x0000000000002940       0x6a e:/app/code/mounriver/mounriver_studio2/resources/app/resources/win32/components/wch/toolchain/risc-v embedded gcc/bin/../lib/gcc/riscv-none-embed/8.2.0/rv32imacxw/ilp32\libgcc.a(eqdf2.o)
                0x0000000000002940                __nedf2
                0x0000000000002940                __eqdf2
 .text.__gedf2  0x00000000000029aa       0xae e:/app/code/mounriver/mounriver_studio2/resources/app/resources/win32/components/wch/toolchain/risc-v embedded gcc/bin/../lib/gcc/riscv-none-embed/8.2.0/rv32imacxw/ilp32\libgcc.a(gedf2.o)
                0x00000000000029aa                __gedf2
                0x00000000000029aa                __gtdf2
 .text.__muldf3
                0x0000000000002a58      0x4b8 e:/app/code/mounriver/mounriver_studio2/resources/app/resources/win32/components/wch/toolchain/risc-v embedded gcc/bin/../lib/gcc/riscv-none-embed/8.2.0/rv32imacxw/ilp32\libgcc.a(muldf3.o)
                0x0000000000002a58                __muldf3
 .text.__subdf3
                0x0000000000002f10      0x73e e:/app/code/mounriver/mounriver_studio2/resources/app/resources/win32/components/wch/toolchain/risc-v embedded gcc/bin/../lib/gcc/riscv-none-embed/8.2.0/rv32imacxw/ilp32\libgcc.a(subdf3.o)
                0x0000000000002f10                __subdf3
 .text.__unorddf2
                0x000000000000364e       0x3c e:/app/code/mounriver/mounriver_studio2/resources/app/resources/win32/components/wch/toolchain/risc-v embedded gcc/bin/../lib/gcc/riscv-none-embed/8.2.0/rv32imacxw/ilp32\libgcc.a(unorddf2.o)
                0x000000000000364e                __unorddf2
 .text.__fixunsdfsi
                0x000000000000368a       0x5c e:/app/code/mounriver/mounriver_studio2/resources/app/resources/win32/components/wch/toolchain/risc-v embedded gcc/bin/../lib/gcc/riscv-none-embed/8.2.0/rv32imacxw/ilp32\libgcc.a(fixunsdfsi.o)
                0x000000000000368a                __fixunsdfsi
 .text.__floatsidf
                0x00000000000036e6       0x72 e:/app/code/mounriver/mounriver_studio2/resources/app/resources/win32/components/wch/toolchain/risc-v embedded gcc/bin/../lib/gcc/riscv-none-embed/8.2.0/rv32imacxw/ilp32\libgcc.a(floatsidf.o)
                0x00000000000036e6                __floatsidf
 .text.__addsf3
                0x0000000000003758      0x36a e:/app/code/mounriver/mounriver_studio2/resources/app/resources/win32/components/wch/toolchain/risc-v embedded gcc/bin/../lib/gcc/riscv-none-embed/8.2.0/rv32imacxw/ilp32\libgcc.a(addsf3.o)
                0x0000000000003758                __addsf3
 .text.__divsf3
                0x0000000000003ac2      0x2b2 e:/app/code/mounriver/mounriver_studio2/resources/app/resources/win32/components/wch/toolchain/risc-v embedded gcc/bin/../lib/gcc/riscv-none-embed/8.2.0/rv32imacxw/ilp32\libgcc.a(divsf3.o)
                0x0000000000003ac2                __divsf3
 .text.__gesf2  0x0000000000003d74       0x86 e:/app/code/mounriver/mounriver_studio2/resources/app/resources/win32/components/wch/toolchain/risc-v embedded gcc/bin/../lib/gcc/riscv-none-embed/8.2.0/rv32imacxw/ilp32\libgcc.a(gesf2.o)
                0x0000000000003d74                __gesf2
                0x0000000000003d74                __gtsf2
 .text.__lesf2  0x0000000000003dfa       0x8c e:/app/code/mounriver/mounriver_studio2/resources/app/resources/win32/components/wch/toolchain/risc-v embedded gcc/bin/../lib/gcc/riscv-none-embed/8.2.0/rv32imacxw/ilp32\libgcc.a(lesf2.o)
                0x0000000000003dfa                __ltsf2
                0x0000000000003dfa                __lesf2
 .text.__mulsf3
                0x0000000000003e86      0x294 e:/app/code/mounriver/mounriver_studio2/resources/app/resources/win32/components/wch/toolchain/risc-v embedded gcc/bin/../lib/gcc/riscv-none-embed/8.2.0/rv32imacxw/ilp32\libgcc.a(mulsf3.o)
                0x0000000000003e86                __mulsf3
 .text.__subsf3
                0x000000000000411a      0x388 e:/app/code/mounriver/mounriver_studio2/resources/app/resources/win32/components/wch/toolchain/risc-v embedded gcc/bin/../lib/gcc/riscv-none-embed/8.2.0/rv32imacxw/ilp32\libgcc.a(subsf3.o)
                0x000000000000411a                __subsf3
 .text.__fixunssfsi
                0x00000000000044a2       0x56 e:/app/code/mounriver/mounriver_studio2/resources/app/resources/win32/components/wch/toolchain/risc-v embedded gcc/bin/../lib/gcc/riscv-none-embed/8.2.0/rv32imacxw/ilp32\libgcc.a(fixunssfsi.o)
                0x00000000000044a2                __fixunssfsi
 .text.__floatsisf
                0x00000000000044f8       0xc6 e:/app/code/mounriver/mounriver_studio2/resources/app/resources/win32/components/wch/toolchain/risc-v embedded gcc/bin/../lib/gcc/riscv-none-embed/8.2.0/rv32imacxw/ilp32\libgcc.a(floatsisf.o)
                0x00000000000044f8                __floatsisf
 .text.__floatunsisf
                0x00000000000045be       0xce e:/app/code/mounriver/mounriver_studio2/resources/app/resources/win32/components/wch/toolchain/risc-v embedded gcc/bin/../lib/gcc/riscv-none-embed/8.2.0/rv32imacxw/ilp32\libgcc.a(floatunsisf.o)
                0x00000000000045be                __floatunsisf
 .text.__extendsfdf2
                0x000000000000468c       0xac e:/app/code/mounriver/mounriver_studio2/resources/app/resources/win32/components/wch/toolchain/risc-v embedded gcc/bin/../lib/gcc/riscv-none-embed/8.2.0/rv32imacxw/ilp32\libgcc.a(extendsfdf2.o)
                0x000000000000468c                __extendsfdf2
 .text.__truncdfsf2
                0x0000000000004738      0x16a e:/app/code/mounriver/mounriver_studio2/resources/app/resources/win32/components/wch/toolchain/risc-v embedded gcc/bin/../lib/gcc/riscv-none-embed/8.2.0/rv32imacxw/ilp32\libgcc.a(truncdfsf2.o)
                0x0000000000004738                __truncdfsf2
 .text.__clzsi2
                0x00000000000048a2       0x6e e:/app/code/mounriver/mounriver_studio2/resources/app/resources/win32/components/wch/toolchain/risc-v embedded gcc/bin/../lib/gcc/riscv-none-embed/8.2.0/rv32imacxw/ilp32\libgcc.a(_clzsi2.o)
                0x00000000000048a2                __clzsi2
 .text.__errno  0x0000000000004910        0x8 e:/app/code/mounriver/mounriver_studio2/resources/app/resources/win32/components/wch/toolchain/risc-v embedded gcc/bin/../lib/gcc/riscv-none-embed/8.2.0/../../../../riscv-none-embed/lib/rv32imacxw/ilp32\libg_nano.a(lib_a-errno.o)
                0x0000000000004910                __errno
 .text.printf   0x0000000000004918       0x40 e:/app/code/mounriver/mounriver_studio2/resources/app/resources/win32/components/wch/toolchain/risc-v embedded gcc/bin/../lib/gcc/riscv-none-embed/8.2.0/../../../../riscv-none-embed/lib/rv32imacxw/ilp32\libg_nano.a(lib_a-printf.o)
                0x0000000000004918                iprintf
                0x0000000000004918                printf
 .text._puts_r  0x0000000000004958       0xd4 e:/app/code/mounriver/mounriver_studio2/resources/app/resources/win32/components/wch/toolchain/risc-v embedded gcc/bin/../lib/gcc/riscv-none-embed/8.2.0/../../../../riscv-none-embed/lib/rv32imacxw/ilp32\libg_nano.a(lib_a-puts.o)
                0x0000000000004958                _puts_r
 .text.puts     0x0000000000004a2c        0xa e:/app/code/mounriver/mounriver_studio2/resources/app/resources/win32/components/wch/toolchain/risc-v embedded gcc/bin/../lib/gcc/riscv-none-embed/8.2.0/../../../../riscv-none-embed/lib/rv32imacxw/ilp32\libg_nano.a(lib_a-puts.o)
                0x0000000000004a2c                puts
 .text.__swbuf_r
                0x0000000000004a36       0xbc e:/app/code/mounriver/mounriver_studio2/resources/app/resources/win32/components/wch/toolchain/risc-v embedded gcc/bin/../lib/gcc/riscv-none-embed/8.2.0/../../../../riscv-none-embed/lib/rv32imacxw/ilp32\libg_nano.a(lib_a-wbuf.o)
                0x0000000000004a36                __swbuf_r
 .text.__swsetup_r
                0x0000000000004af2       0xfc e:/app/code/mounriver/mounriver_studio2/resources/app/resources/win32/components/wch/toolchain/risc-v embedded gcc/bin/../lib/gcc/riscv-none-embed/8.2.0/../../../../riscv-none-embed/lib/rv32imacxw/ilp32\libg_nano.a(lib_a-wsetup.o)
                0x0000000000004af2                __swsetup_r
 .text.__sflush_r
                0x0000000000004bee      0x130 e:/app/code/mounriver/mounriver_studio2/resources/app/resources/win32/components/wch/toolchain/risc-v embedded gcc/bin/../lib/gcc/riscv-none-embed/8.2.0/../../../../riscv-none-embed/lib/rv32imacxw/ilp32\libg_nano.a(lib_a-fflush.o)
                0x0000000000004bee                __sflush_r
 .text._fflush_r
                0x0000000000004d1e       0x66 e:/app/code/mounriver/mounriver_studio2/resources/app/resources/win32/components/wch/toolchain/risc-v embedded gcc/bin/../lib/gcc/riscv-none-embed/8.2.0/../../../../riscv-none-embed/lib/rv32imacxw/ilp32\libg_nano.a(lib_a-fflush.o)
                0x0000000000004d1e                _fflush_r
 .text.std      0x0000000000004d84       0x66 e:/app/code/mounriver/mounriver_studio2/resources/app/resources/win32/components/wch/toolchain/risc-v embedded gcc/bin/../lib/gcc/riscv-none-embed/8.2.0/../../../../riscv-none-embed/lib/rv32imacxw/ilp32\libg_nano.a(lib_a-findfp.o)
 .text._cleanup_r
                0x0000000000004dea        0xa e:/app/code/mounriver/mounriver_studio2/resources/app/resources/win32/components/wch/toolchain/risc-v embedded gcc/bin/../lib/gcc/riscv-none-embed/8.2.0/../../../../riscv-none-embed/lib/rv32imacxw/ilp32\libg_nano.a(lib_a-findfp.o)
                0x0000000000004dea                _cleanup_r
 .text.__sfmoreglue
                0x0000000000004df4       0x46 e:/app/code/mounriver/mounriver_studio2/resources/app/resources/win32/components/wch/toolchain/risc-v embedded gcc/bin/../lib/gcc/riscv-none-embed/8.2.0/../../../../riscv-none-embed/lib/rv32imacxw/ilp32\libg_nano.a(lib_a-findfp.o)
                0x0000000000004df4                __sfmoreglue
 .text.__sinit  0x0000000000004e3a       0x66 e:/app/code/mounriver/mounriver_studio2/resources/app/resources/win32/components/wch/toolchain/risc-v embedded gcc/bin/../lib/gcc/riscv-none-embed/8.2.0/../../../../riscv-none-embed/lib/rv32imacxw/ilp32\libg_nano.a(lib_a-findfp.o)
                0x0000000000004e3a                __sinit
 .text.__sfp    0x0000000000004ea0       0x9e e:/app/code/mounriver/mounriver_studio2/resources/app/resources/win32/components/wch/toolchain/risc-v embedded gcc/bin/../lib/gcc/riscv-none-embed/8.2.0/../../../../riscv-none-embed/lib/rv32imacxw/ilp32\libg_nano.a(lib_a-findfp.o)
                0x0000000000004ea0                __sfp
 .text._fwalk_reent
                0x0000000000004f3e       0x6a e:/app/code/mounriver/mounriver_studio2/resources/app/resources/win32/components/wch/toolchain/risc-v embedded gcc/bin/../lib/gcc/riscv-none-embed/8.2.0/../../../../riscv-none-embed/lib/rv32imacxw/ilp32\libg_nano.a(lib_a-fwalk.o)
                0x0000000000004f3e                _fwalk_reent
 .text.__swhatbuf_r
                0x0000000000004fa8       0x58 e:/app/code/mounriver/mounriver_studio2/resources/app/resources/win32/components/wch/toolchain/risc-v embedded gcc/bin/../lib/gcc/riscv-none-embed/8.2.0/../../../../riscv-none-embed/lib/rv32imacxw/ilp32\libg_nano.a(lib_a-makebuf.o)
                0x0000000000004fa8                __swhatbuf_r
 .text.__smakebuf_r
                0x0000000000005000       0x90 e:/app/code/mounriver/mounriver_studio2/resources/app/resources/win32/components/wch/toolchain/risc-v embedded gcc/bin/../lib/gcc/riscv-none-embed/8.2.0/../../../../riscv-none-embed/lib/rv32imacxw/ilp32\libg_nano.a(lib_a-makebuf.o)
                0x0000000000005000                __smakebuf_r
 .text._free_r  0x0000000000005090       0xa8 e:/app/code/mounriver/mounriver_studio2/resources/app/resources/win32/components/wch/toolchain/risc-v embedded gcc/bin/../lib/gcc/riscv-none-embed/8.2.0/../../../../riscv-none-embed/lib/rv32imacxw/ilp32\libg_nano.a(lib_a-nano-freer.o)
                0x0000000000005090                _free_r
 .text._malloc_r
                0x0000000000005138       0xd4 e:/app/code/mounriver/mounriver_studio2/resources/app/resources/win32/components/wch/toolchain/risc-v embedded gcc/bin/../lib/gcc/riscv-none-embed/8.2.0/../../../../riscv-none-embed/lib/rv32imacxw/ilp32\libg_nano.a(lib_a-nano-mallocr.o)
                0x0000000000005138                _malloc_r
 .text.__sfputc_r
                0x000000000000520c       0x28 e:/app/code/mounriver/mounriver_studio2/resources/app/resources/win32/components/wch/toolchain/risc-v embedded gcc/bin/../lib/gcc/riscv-none-embed/8.2.0/../../../../riscv-none-embed/lib/rv32imacxw/ilp32\libg_nano.a(lib_a-nano-vfprintf.o)
 .text.__sfputs_r
                0x0000000000005234       0x40 e:/app/code/mounriver/mounriver_studio2/resources/app/resources/win32/components/wch/toolchain/risc-v embedded gcc/bin/../lib/gcc/riscv-none-embed/8.2.0/../../../../riscv-none-embed/lib/rv32imacxw/ilp32\libg_nano.a(lib_a-nano-vfprintf.o)
                0x0000000000005234                __sfputs_r
 .text._vfprintf_r
                0x0000000000005274      0x286 e:/app/code/mounriver/mounriver_studio2/resources/app/resources/win32/components/wch/toolchain/risc-v embedded gcc/bin/../lib/gcc/riscv-none-embed/8.2.0/../../../../riscv-none-embed/lib/rv32imacxw/ilp32\libg_nano.a(lib_a-nano-vfprintf.o)
                0x0000000000005274                _vfprintf_r
                0x0000000000005274                _vfiprintf_r
 .text._printf_common
                0x00000000000054fa      0x10c e:/app/code/mounriver/mounriver_studio2/resources/app/resources/win32/components/wch/toolchain/risc-v embedded gcc/bin/../lib/gcc/riscv-none-embed/8.2.0/../../../../riscv-none-embed/lib/rv32imacxw/ilp32\libg_nano.a(lib_a-nano-vfprintf_i.o)
                0x00000000000054fa                _printf_common
 .text._printf_i
                0x0000000000005606      0x2a2 e:/app/code/mounriver/mounriver_studio2/resources/app/resources/win32/components/wch/toolchain/risc-v embedded gcc/bin/../lib/gcc/riscv-none-embed/8.2.0/../../../../riscv-none-embed/lib/rv32imacxw/ilp32\libg_nano.a(lib_a-nano-vfprintf_i.o)
                0x0000000000005606                _printf_i
 .text._sbrk_r  0x00000000000058a8       0x2a e:/app/code/mounriver/mounriver_studio2/resources/app/resources/win32/components/wch/toolchain/risc-v embedded gcc/bin/../lib/gcc/riscv-none-embed/8.2.0/../../../../riscv-none-embed/lib/rv32imacxw/ilp32\libg_nano.a(lib_a-sbrkr.o)
                0x00000000000058a8                _sbrk_r
 .text.__sread  0x00000000000058d2       0x2c e:/app/code/mounriver/mounriver_studio2/resources/app/resources/win32/components/wch/toolchain/risc-v embedded gcc/bin/../lib/gcc/riscv-none-embed/8.2.0/../../../../riscv-none-embed/lib/rv32imacxw/ilp32\libg_nano.a(lib_a-stdio.o)
                0x00000000000058d2                __sread
 .text.__swrite
                0x00000000000058fe       0x48 e:/app/code/mounriver/mounriver_studio2/resources/app/resources/win32/components/wch/toolchain/risc-v embedded gcc/bin/../lib/gcc/riscv-none-embed/8.2.0/../../../../riscv-none-embed/lib/rv32imacxw/ilp32\libg_nano.a(lib_a-stdio.o)
                0x00000000000058fe                __swrite
 .text.__sseek  0x0000000000005946       0x30 e:/app/code/mounriver/mounriver_studio2/resources/app/resources/win32/components/wch/toolchain/risc-v embedded gcc/bin/../lib/gcc/riscv-none-embed/8.2.0/../../../../riscv-none-embed/lib/rv32imacxw/ilp32\libg_nano.a(lib_a-stdio.o)
                0x0000000000005946                __sseek
 .text.__sclose
                0x0000000000005976        0x6 e:/app/code/mounriver/mounriver_studio2/resources/app/resources/win32/components/wch/toolchain/risc-v embedded gcc/bin/../lib/gcc/riscv-none-embed/8.2.0/../../../../riscv-none-embed/lib/rv32imacxw/ilp32\libg_nano.a(lib_a-stdio.o)
                0x0000000000005976                __sclose
 .text._write_r
                0x000000000000597c       0x2e e:/app/code/mounriver/mounriver_studio2/resources/app/resources/win32/components/wch/toolchain/risc-v embedded gcc/bin/../lib/gcc/riscv-none-embed/8.2.0/../../../../riscv-none-embed/lib/rv32imacxw/ilp32\libg_nano.a(lib_a-writer.o)
                0x000000000000597c                _write_r
 .text._close_r
                0x00000000000059aa       0x28 e:/app/code/mounriver/mounriver_studio2/resources/app/resources/win32/components/wch/toolchain/risc-v embedded gcc/bin/../lib/gcc/riscv-none-embed/8.2.0/../../../../riscv-none-embed/lib/rv32imacxw/ilp32\libg_nano.a(lib_a-closer.o)
                0x00000000000059aa                _close_r
 .text._fstat_r
                0x00000000000059d2       0x2a e:/app/code/mounriver/mounriver_studio2/resources/app/resources/win32/components/wch/toolchain/risc-v embedded gcc/bin/../lib/gcc/riscv-none-embed/8.2.0/../../../../riscv-none-embed/lib/rv32imacxw/ilp32\libg_nano.a(lib_a-fstatr.o)
                0x00000000000059d2                _fstat_r
 .text._isatty_r
                0x00000000000059fc       0x28 e:/app/code/mounriver/mounriver_studio2/resources/app/resources/win32/components/wch/toolchain/risc-v embedded gcc/bin/../lib/gcc/riscv-none-embed/8.2.0/../../../../riscv-none-embed/lib/rv32imacxw/ilp32\libg_nano.a(lib_a-isattyr.o)
                0x00000000000059fc                _isatty_r
 .text._lseek_r
                0x0000000000005a24       0x2c e:/app/code/mounriver/mounriver_studio2/resources/app/resources/win32/components/wch/toolchain/risc-v embedded gcc/bin/../lib/gcc/riscv-none-embed/8.2.0/../../../../riscv-none-embed/lib/rv32imacxw/ilp32\libg_nano.a(lib_a-lseekr.o)
                0x0000000000005a24                _lseek_r
 .text.memchr   0x0000000000005a50       0x18 e:/app/code/mounriver/mounriver_studio2/resources/app/resources/win32/components/wch/toolchain/risc-v embedded gcc/bin/../lib/gcc/riscv-none-embed/8.2.0/../../../../riscv-none-embed/lib/rv32imacxw/ilp32\libg_nano.a(lib_a-memchr.o)
                0x0000000000005a50                memchr
 .text.__malloc_lock
                0x0000000000005a68        0x2 e:/app/code/mounriver/mounriver_studio2/resources/app/resources/win32/components/wch/toolchain/risc-v embedded gcc/bin/../lib/gcc/riscv-none-embed/8.2.0/../../../../riscv-none-embed/lib/rv32imacxw/ilp32\libg_nano.a(lib_a-mlock.o)
                0x0000000000005a68                __malloc_lock
 .text.__malloc_unlock
                0x0000000000005a6a        0x2 e:/app/code/mounriver/mounriver_studio2/resources/app/resources/win32/components/wch/toolchain/risc-v embedded gcc/bin/../lib/gcc/riscv-none-embed/8.2.0/../../../../riscv-none-embed/lib/rv32imacxw/ilp32\libg_nano.a(lib_a-mlock.o)
                0x0000000000005a6a                __malloc_unlock
 .text._read_r  0x0000000000005a6c       0x2c e:/app/code/mounriver/mounriver_studio2/resources/app/resources/win32/components/wch/toolchain/risc-v embedded gcc/bin/../lib/gcc/riscv-none-embed/8.2.0/../../../../riscv-none-embed/lib/rv32imacxw/ilp32\libg_nano.a(lib_a-readr.o)
                0x0000000000005a6c                _read_r
 .text._close   0x0000000000005a98        0xc e:/app/code/mounriver/mounriver_studio2/resources/app/resources/win32/components/wch/toolchain/risc-v embedded gcc/bin/../lib/gcc/riscv-none-embed/8.2.0/../../../../riscv-none-embed/lib/rv32imacxw/ilp32\libnosys.a(close.o)
                0x0000000000005a98                _close
 .text._fstat   0x0000000000005aa4        0xc e:/app/code/mounriver/mounriver_studio2/resources/app/resources/win32/components/wch/toolchain/risc-v embedded gcc/bin/../lib/gcc/riscv-none-embed/8.2.0/../../../../riscv-none-embed/lib/rv32imacxw/ilp32\libnosys.a(fstat.o)
                0x0000000000005aa4                _fstat
 .text._isatty  0x0000000000005ab0        0xc e:/app/code/mounriver/mounriver_studio2/resources/app/resources/win32/components/wch/toolchain/risc-v embedded gcc/bin/../lib/gcc/riscv-none-embed/8.2.0/../../../../riscv-none-embed/lib/rv32imacxw/ilp32\libnosys.a(isatty.o)
                0x0000000000005ab0                _isatty
 .text._lseek   0x0000000000005abc        0xc e:/app/code/mounriver/mounriver_studio2/resources/app/resources/win32/components/wch/toolchain/risc-v embedded gcc/bin/../lib/gcc/riscv-none-embed/8.2.0/../../../../riscv-none-embed/lib/rv32imacxw/ilp32\libnosys.a(lseek.o)
                0x0000000000005abc                _lseek
 .text._read    0x0000000000005ac8        0xc e:/app/code/mounriver/mounriver_studio2/resources/app/resources/win32/components/wch/toolchain/risc-v embedded gcc/bin/../lib/gcc/riscv-none-embed/8.2.0/../../../../riscv-none-embed/lib/rv32imacxw/ilp32\libnosys.a(read.o)
                0x0000000000005ac8                _read
 *(.rodata)
 *(.rodata*)
 *fill*         0x0000000000005ad4        0x0 
 .rodata.ADC2TEMP.cst4
                0x0000000000005ad4       0x10 ./User/main.o
 *fill*         0x0000000000005ae4        0x4 
 .rodata.ADC2TEMP.cst8
                0x0000000000005ae8       0x20 ./User/main.o
 .rodata.Flash_Read_Fast.str1.4
                0x0000000000005b08       0x1e ./User/main.o
 *fill*         0x0000000000005b26        0x2 
 .rodata.Flash_Write_Fast.str1.4
                0x0000000000005b28       0x96 ./User/main.o
 *fill*         0x0000000000005bbe        0x2 
 .rodata.main.cst4
                0x0000000000005bc0        0x4 ./User/main.o
 .rodata.main.str1.4
                0x0000000000005bc4        0xf ./User/main.o
 *fill*         0x0000000000005bd3        0x5 
 .rodata.floor.cst8
                0x0000000000005bd8        0x8 e:/app/code/mounriver/mounriver_studio2/resources/app/resources/win32/components/wch/toolchain/risc-v embedded gcc/bin/../lib/gcc/riscv-none-embed/8.2.0/../../../../riscv-none-embed/lib/rv32imacxw/ilp32\libm.a(lib_a-s_floor.o)
 .rodata.log.cst8
                0x0000000000005be0       0x10 e:/app/code/mounriver/mounriver_studio2/resources/app/resources/win32/components/wch/toolchain/risc-v embedded gcc/bin/../lib/gcc/riscv-none-embed/8.2.0/../../../../riscv-none-embed/lib/rv32imacxw/ilp32\libm.a(lib_a-w_log.o)
 .rodata.log.str1.4
                0x0000000000005bf0        0x4 e:/app/code/mounriver/mounriver_studio2/resources/app/resources/win32/components/wch/toolchain/risc-v embedded gcc/bin/../lib/gcc/riscv-none-embed/8.2.0/../../../../riscv-none-embed/lib/rv32imacxw/ilp32\libm.a(lib_a-w_log.o)
                                          0x5 (size before relaxing)
 *fill*         0x0000000000005bf4        0x4 
 .rodata.__ieee754_log.cst8
                0x0000000000005bf8       0x70 e:/app/code/mounriver/mounriver_studio2/resources/app/resources/win32/components/wch/toolchain/risc-v embedded gcc/bin/../lib/gcc/riscv-none-embed/8.2.0/../../../../riscv-none-embed/lib/rv32imacxw/ilp32\libm.a(lib_a-e_log.o)
                                         0x78 (size before relaxing)
 .rodata.nan.cst8
                0x0000000000005c68        0x8 e:/app/code/mounriver/mounriver_studio2/resources/app/resources/win32/components/wch/toolchain/risc-v embedded gcc/bin/../lib/gcc/riscv-none-embed/8.2.0/../../../../riscv-none-embed/lib/rv32imacxw/ilp32\libm.a(lib_a-s_nan.o)
 .rodata.__divdf3
                0x0000000000005c70       0x40 e:/app/code/mounriver/mounriver_studio2/resources/app/resources/win32/components/wch/toolchain/risc-v embedded gcc/bin/../lib/gcc/riscv-none-embed/8.2.0/rv32imacxw/ilp32\libgcc.a(divdf3.o)
 .rodata.__muldf3
                0x0000000000005cb0       0x40 e:/app/code/mounriver/mounriver_studio2/resources/app/resources/win32/components/wch/toolchain/risc-v embedded gcc/bin/../lib/gcc/riscv-none-embed/8.2.0/rv32imacxw/ilp32\libgcc.a(muldf3.o)
 .rodata.__divsf3
                0x0000000000005cf0       0x80 e:/app/code/mounriver/mounriver_studio2/resources/app/resources/win32/components/wch/toolchain/risc-v embedded gcc/bin/../lib/gcc/riscv-none-embed/8.2.0/rv32imacxw/ilp32\libgcc.a(divsf3.o)
 .rodata.__mulsf3
                0x0000000000005d70       0x40 e:/app/code/mounriver/mounriver_studio2/resources/app/resources/win32/components/wch/toolchain/risc-v embedded gcc/bin/../lib/gcc/riscv-none-embed/8.2.0/rv32imacxw/ilp32\libgcc.a(mulsf3.o)
 .rodata.__clz_tab
                0x0000000000005db0      0x100 e:/app/code/mounriver/mounriver_studio2/resources/app/resources/win32/components/wch/toolchain/risc-v embedded gcc/bin/../lib/gcc/riscv-none-embed/8.2.0/rv32imacxw/ilp32\libgcc.a(_clz.o)
                0x0000000000005db0                __clz_tab
 .rodata.__sf_fake_stderr
                0x0000000000005eb0       0x20 e:/app/code/mounriver/mounriver_studio2/resources/app/resources/win32/components/wch/toolchain/risc-v embedded gcc/bin/../lib/gcc/riscv-none-embed/8.2.0/../../../../riscv-none-embed/lib/rv32imacxw/ilp32\libg_nano.a(lib_a-findfp.o)
                0x0000000000005eb0                __sf_fake_stderr
 .rodata.__sf_fake_stdin
                0x0000000000005ed0       0x20 e:/app/code/mounriver/mounriver_studio2/resources/app/resources/win32/components/wch/toolchain/risc-v embedded gcc/bin/../lib/gcc/riscv-none-embed/8.2.0/../../../../riscv-none-embed/lib/rv32imacxw/ilp32\libg_nano.a(lib_a-findfp.o)
                0x0000000000005ed0                __sf_fake_stdin
 .rodata.__sf_fake_stdout
                0x0000000000005ef0       0x20 e:/app/code/mounriver/mounriver_studio2/resources/app/resources/win32/components/wch/toolchain/risc-v embedded gcc/bin/../lib/gcc/riscv-none-embed/8.2.0/../../../../riscv-none-embed/lib/rv32imacxw/ilp32\libg_nano.a(lib_a-findfp.o)
                0x0000000000005ef0                __sf_fake_stdout
 .rodata._vfprintf_r.str1.4
                0x0000000000005f10       0x13 e:/app/code/mounriver/mounriver_studio2/resources/app/resources/win32/components/wch/toolchain/risc-v embedded gcc/bin/../lib/gcc/riscv-none-embed/8.2.0/../../../../riscv-none-embed/lib/rv32imacxw/ilp32\libg_nano.a(lib_a-nano-vfprintf.o)
 *fill*         0x0000000000005f23        0x1 
 .rodata._printf_i.str1.4
                0x0000000000005f24       0x28 e:/app/code/mounriver/mounriver_studio2/resources/app/resources/win32/components/wch/toolchain/risc-v embedded gcc/bin/../lib/gcc/riscv-none-embed/8.2.0/../../../../riscv-none-embed/lib/rv32imacxw/ilp32\libg_nano.a(lib_a-nano-vfprintf_i.o)
                                         0x25 (size before relaxing)
 *(.gnu.linkonce.t.*)
                0x0000000000005f4c                . = ALIGN (0x4)

.rela.dyn       0x0000000000005f4c        0x0
 .rela.init     0x0000000000005f4c        0x0 ./User/AiP650E.o
 .rela.vector   0x0000000000005f4c        0x0 ./User/AiP650E.o
 .rela.text.handle_reset
                0x0000000000005f4c        0x0 ./User/AiP650E.o
 .rela.text._sbrk
                0x0000000000005f4c        0x0 ./User/AiP650E.o
 .rela.sdata.curbrk.4335
                0x0000000000005f4c        0x0 ./User/AiP650E.o
 .rela.text._vfprintf_r
                0x0000000000005f4c        0x0 ./User/AiP650E.o
 .rela.text._sbrk_r
                0x0000000000005f4c        0x0 ./User/AiP650E.o
 .rela.text._write_r
                0x0000000000005f4c        0x0 ./User/AiP650E.o
 .rela.text._close_r
                0x0000000000005f4c        0x0 ./User/AiP650E.o
 .rela.text._fstat_r
                0x0000000000005f4c        0x0 ./User/AiP650E.o
 .rela.text._isatty_r
                0x0000000000005f4c        0x0 ./User/AiP650E.o
 .rela.text._lseek_r
                0x0000000000005f4c        0x0 ./User/AiP650E.o
 .rela.text._read_r
                0x0000000000005f4c        0x0 ./User/AiP650E.o
 .rela.text._close
                0x0000000000005f4c        0x0 ./User/AiP650E.o
 .rela.text._fstat
                0x0000000000005f4c        0x0 ./User/AiP650E.o
 .rela.text._isatty
                0x0000000000005f4c        0x0 ./User/AiP650E.o
 .rela.text._lseek
                0x0000000000005f4c        0x0 ./User/AiP650E.o
 .rela.text._read
                0x0000000000005f4c        0x0 ./User/AiP650E.o

.fini           0x0000000000005f4c        0x0
 *(SORT_NONE(.fini))
                0x0000000000005f4c                . = ALIGN (0x4)
                [!provide]                        PROVIDE (_etext = .)
                [!provide]                        PROVIDE (_eitcm = .)

.preinit_array  0x0000000000005f4c        0x0
                [!provide]                        PROVIDE (__preinit_array_start = .)
 *(.preinit_array)
                [!provide]                        PROVIDE (__preinit_array_end = .)

.init_array     0x0000000000005f4c        0x0
                [!provide]                        PROVIDE (__init_array_start = .)
 *(SORT_BY_INIT_PRIORITY(.init_array.*) SORT_BY_INIT_PRIORITY(.ctors.*))
 *(.init_array EXCLUDE_FILE(*crtend?.o *crtend.o *crtbegin?.o *crtbegin.o) .ctors)
                [!provide]                        PROVIDE (__init_array_end = .)

.fini_array     0x0000000000005f4c        0x0
                [!provide]                        PROVIDE (__fini_array_start = .)
 *(SORT_BY_INIT_PRIORITY(.fini_array.*) SORT_BY_INIT_PRIORITY(.dtors.*))
 *(.fini_array EXCLUDE_FILE(*crtend?.o *crtend.o *crtbegin?.o *crtbegin.o) .dtors)
                [!provide]                        PROVIDE (__fini_array_end = .)

.ctors
 *crtbegin.o(.ctors)
 *crtbegin?.o(.ctors)
 *(EXCLUDE_FILE(*crtend?.o *crtend.o) .ctors)
 *(SORT_BY_NAME(.ctors.*))
 *(.ctors)

.dtors
 *crtbegin.o(.dtors)
 *crtbegin?.o(.dtors)
 *(EXCLUDE_FILE(*crtend?.o *crtend.o) .dtors)
 *(SORT_BY_NAME(.dtors.*))
 *(.dtors)

.dalign         0x0000000020000000        0x0 load address 0x0000000000005f4c
                0x0000000020000000                . = ALIGN (0x4)
                0x0000000020000000                PROVIDE (_data_vma = .)

.dlalign        0x0000000000005f4c        0x0
                0x0000000000005f4c                . = ALIGN (0x4)
                0x0000000000005f4c                PROVIDE (_data_lma = .)

.data           0x0000000020000000      0x1bc load address 0x0000000000005f4c
 *(.gnu.linkonce.r.*)
 *(.data .data.*)
 .data.Dig_Number
                0x0000000020000000        0xa ./User/AiP650E.o
                0x0000000020000000                Dig_Number
 *fill*         0x000000002000000a        0x2 
 .data.buf      0x000000002000000c      0x100 ./User/main.o
                0x000000002000000c                buf
 .data.AHBPrescTable
                0x000000002000010c       0x10 ./User/system_ch32x035.o
                0x000000002000010c                AHBPrescTable
 .data.APBAHBPrescTable
                0x000000002000011c       0x10 ./Peripheral/src/ch32x035_rcc.o
 .data.impure_data
                0x000000002000012c       0x60 e:/app/code/mounriver/mounriver_studio2/resources/app/resources/win32/components/wch/toolchain/risc-v embedded gcc/bin/../lib/gcc/riscv-none-embed/8.2.0/../../../../riscv-none-embed/lib/rv32imacxw/ilp32\libg_nano.a(lib_a-impure.o)
 *(.gnu.linkonce.d.*)
                0x0000000020000190                . = ALIGN (0x8)
 *fill*         0x000000002000018c        0x4 
                0x0000000020000990                PROVIDE (__global_pointer$ = (. + 0x800))
 *(.sdata .sdata.*)
 .sdata.Dig_Letter
                0x0000000020000190        0x4 ./User/AiP650E.o
                0x0000000020000190                Dig_Letter
 .sdata.SystemCoreClock
                0x0000000020000194        0x4 ./User/system_ch32x035.o
                0x0000000020000194                SystemCoreClock
 .sdata.CFGHR_tmpA
                0x0000000020000198        0x4 ./Peripheral/src/ch32x035_gpio.o
                0x0000000020000198                CFGHR_tmpA
 .sdata.CFGHR_tmpB
                0x000000002000019c        0x4 ./Peripheral/src/ch32x035_gpio.o
                0x000000002000019c                CFGHR_tmpB
 .sdata.CFGHR_tmpC
                0x00000000200001a0        0x4 ./Peripheral/src/ch32x035_gpio.o
                0x00000000200001a0                CFGHR_tmpC
 .sdata.curbrk.4335
                0x00000000200001a4        0x4 ./Debug/debug.o
 .sdata.__fdlib_version
                0x00000000200001a8        0x4 e:/app/code/mounriver/mounriver_studio2/resources/app/resources/win32/components/wch/toolchain/risc-v embedded gcc/bin/../lib/gcc/riscv-none-embed/8.2.0/../../../../riscv-none-embed/lib/rv32imacxw/ilp32\libm.a(lib_a-s_lib_ver.o)
                0x00000000200001a8                __fdlib_version
 .sdata._impure_ptr
                0x00000000200001ac        0x4 e:/app/code/mounriver/mounriver_studio2/resources/app/resources/win32/components/wch/toolchain/risc-v embedded gcc/bin/../lib/gcc/riscv-none-embed/8.2.0/../../../../riscv-none-embed/lib/rv32imacxw/ilp32\libg_nano.a(lib_a-impure.o)
                0x00000000200001ac                _impure_ptr
 *(.sdata2.*)
 .sdata2._global_impure_ptr
                0x00000000200001b0        0x4 e:/app/code/mounriver/mounriver_studio2/resources/app/resources/win32/components/wch/toolchain/risc-v embedded gcc/bin/../lib/gcc/riscv-none-embed/8.2.0/../../../../riscv-none-embed/lib/rv32imacxw/ilp32\libg_nano.a(lib_a-impure.o)
                0x00000000200001b0                _global_impure_ptr
 *(.gnu.linkonce.s.*)
                0x00000000200001b8                . = ALIGN (0x8)
 *fill*         0x00000000200001b4        0x4 
 *(.srodata.cst16)
 *(.srodata.cst8)
 *(.srodata.cst4)
 *(.srodata.cst2)
 *(.srodata .srodata.*)
 .srodata       0x00000000200001b8        0x3 ./User/AiP650E.o
                0x00000000200001bc                . = ALIGN (0x4)
 *fill*         0x00000000200001bb        0x1 
                0x00000000200001bc                PROVIDE (_edata = .)

.bss            0x00000000200001bc       0x10 load address 0x0000000000006108
                0x00000000200001bc                . = ALIGN (0x4)
                0x00000000200001bc                PROVIDE (_sbss = .)
 *(.sbss*)
 .sbss.p_ms     0x00000000200001bc        0x2 ./Debug/debug.o
 .sbss.p_us     0x00000000200001be        0x1 ./Debug/debug.o
 *fill*         0x00000000200001bf        0x1 
 .sbss.__malloc_free_list
                0x00000000200001c0        0x4 e:/app/code/mounriver/mounriver_studio2/resources/app/resources/win32/components/wch/toolchain/risc-v embedded gcc/bin/../lib/gcc/riscv-none-embed/8.2.0/../../../../riscv-none-embed/lib/rv32imacxw/ilp32\libg_nano.a(lib_a-nano-mallocr.o)
                0x00000000200001c0                __malloc_free_list
 .sbss.__malloc_sbrk_start
                0x00000000200001c4        0x4 e:/app/code/mounriver/mounriver_studio2/resources/app/resources/win32/components/wch/toolchain/risc-v embedded gcc/bin/../lib/gcc/riscv-none-embed/8.2.0/../../../../riscv-none-embed/lib/rv32imacxw/ilp32\libg_nano.a(lib_a-nano-mallocr.o)
                0x00000000200001c4                __malloc_sbrk_start
 *(.gnu.linkonce.sb.*)
 *(.bss*)
 *(.gnu.linkonce.b.*)
 *(COMMON*)
 COMMON         0x00000000200001c8        0x4 e:/app/code/mounriver/mounriver_studio2/resources/app/resources/win32/components/wch/toolchain/risc-v embedded gcc/bin/../lib/gcc/riscv-none-embed/8.2.0/../../../../riscv-none-embed/lib/rv32imacxw/ilp32\libg_nano.a(lib_a-reent.o)
                0x00000000200001c8                errno
                0x00000000200001cc                . = ALIGN (0x4)
                0x00000000200001cc                PROVIDE (_ebss = .)
                0x00000000200001cc                PROVIDE (_end = _ebss)
                [!provide]                        PROVIDE (end = .)

.stack          0x0000000020004800      0x800
                0x0000000020004800                PROVIDE (_heap_end = .)
                0x0000000020004800                . = ALIGN (0x4)
                [!provide]                        PROVIDE (_susrstack = .)
                0x0000000020005000                . = (. + __stack_size)
 *fill*         0x0000000020004800      0x800 
                0x0000000020005000                PROVIDE (_eusrstack = .)
OUTPUT(Temp_Control_System.elf elf32-littleriscv)

.debug_info     0x0000000000000000     0xde82
 .debug_info    0x0000000000000000     0x1495 ./User/AiP650E.o
 .debug_info    0x0000000000001495      0xbc0 ./User/ch32x035_it.o
 .debug_info    0x0000000000002055     0x1bac ./User/main.o
 .debug_info    0x0000000000003c01      0xb56 ./User/system_ch32x035.o
 .debug_info    0x0000000000004757       0x22 ./Startup/startup_ch32x035.o
 .debug_info    0x0000000000004779     0x15d6 ./Peripheral/src/ch32x035_adc.o
 .debug_info    0x0000000000005d4f     0x13fb ./Peripheral/src/ch32x035_flash.o
 .debug_info    0x000000000000714a     0x11c9 ./Peripheral/src/ch32x035_gpio.o
 .debug_info    0x0000000000008313      0xd8f ./Peripheral/src/ch32x035_rcc.o
 .debug_info    0x00000000000090a2     0x2b87 ./Peripheral/src/ch32x035_tim.o
 .debug_info    0x000000000000bc29     0x1333 ./Peripheral/src/ch32x035_usart.o
 .debug_info    0x000000000000cf5c      0xf26 ./Debug/debug.o

.debug_abbrev   0x0000000000000000     0x2448
 .debug_abbrev  0x0000000000000000      0x382 ./User/AiP650E.o
 .debug_abbrev  0x0000000000000382      0x22c ./User/ch32x035_it.o
 .debug_abbrev  0x00000000000005ae      0x419 ./User/main.o
 .debug_abbrev  0x00000000000009c7      0x258 ./User/system_ch32x035.o
 .debug_abbrev  0x0000000000000c1f       0x12 ./Startup/startup_ch32x035.o
 .debug_abbrev  0x0000000000000c31      0x323 ./Peripheral/src/ch32x035_adc.o
 .debug_abbrev  0x0000000000000f54      0x477 ./Peripheral/src/ch32x035_flash.o
 .debug_abbrev  0x00000000000013cb      0x34b ./Peripheral/src/ch32x035_gpio.o
 .debug_abbrev  0x0000000000001716      0x326 ./Peripheral/src/ch32x035_rcc.o
 .debug_abbrev  0x0000000000001a3c      0x418 ./Peripheral/src/ch32x035_tim.o
 .debug_abbrev  0x0000000000001e54      0x312 ./Peripheral/src/ch32x035_usart.o
 .debug_abbrev  0x0000000000002166      0x2e2 ./Debug/debug.o

.debug_loc      0x0000000000000000     0x486f
 .debug_loc     0x0000000000000000      0x145 ./User/AiP650E.o
 .debug_loc     0x0000000000000145      0x39f ./User/main.o
 .debug_loc     0x00000000000004e4       0x1f ./User/system_ch32x035.o
 .debug_loc     0x0000000000000503      0xa41 ./Peripheral/src/ch32x035_adc.o
 .debug_loc     0x0000000000000f44      0xb02 ./Peripheral/src/ch32x035_flash.o
 .debug_loc     0x0000000000001a46      0x863 ./Peripheral/src/ch32x035_gpio.o
 .debug_loc     0x00000000000022a9      0x34e ./Peripheral/src/ch32x035_rcc.o
 .debug_loc     0x00000000000025f7     0x19ec ./Peripheral/src/ch32x035_tim.o
 .debug_loc     0x0000000000003fe3      0x715 ./Peripheral/src/ch32x035_usart.o
 .debug_loc     0x00000000000046f8      0x177 ./Debug/debug.o

.debug_aranges  0x0000000000000000      0x8f0
 .debug_aranges
                0x0000000000000000       0x88 ./User/AiP650E.o
 .debug_aranges
                0x0000000000000088       0x28 ./User/ch32x035_it.o
 .debug_aranges
                0x00000000000000b0       0x58 ./User/main.o
 .debug_aranges
                0x0000000000000108       0x28 ./User/system_ch32x035.o
 .debug_aranges
                0x0000000000000130       0x30 ./Startup/startup_ch32x035.o
 .debug_aranges
                0x0000000000000160      0x140 ./Peripheral/src/ch32x035_adc.o
 .debug_aranges
                0x00000000000002a0      0x108 ./Peripheral/src/ch32x035_flash.o
 .debug_aranges
                0x00000000000003a8       0x98 ./Peripheral/src/ch32x035_gpio.o
 .debug_aranges
                0x0000000000000440       0x80 ./Peripheral/src/ch32x035_rcc.o
 .debug_aranges
                0x00000000000004c0      0x2f0 ./Peripheral/src/ch32x035_tim.o
 .debug_aranges
                0x00000000000007b0       0xf0 ./Peripheral/src/ch32x035_usart.o
 .debug_aranges
                0x00000000000008a0       0x50 ./Debug/debug.o

.debug_ranges   0x0000000000000000      0x8a0
 .debug_ranges  0x0000000000000000       0xb0 ./User/AiP650E.o
 .debug_ranges  0x00000000000000b0       0x18 ./User/ch32x035_it.o
 .debug_ranges  0x00000000000000c8       0x48 ./User/main.o
 .debug_ranges  0x0000000000000110       0x18 ./User/system_ch32x035.o
 .debug_ranges  0x0000000000000128       0x28 ./Startup/startup_ch32x035.o
 .debug_ranges  0x0000000000000150      0x130 ./Peripheral/src/ch32x035_adc.o
 .debug_ranges  0x0000000000000280       0xf8 ./Peripheral/src/ch32x035_flash.o
 .debug_ranges  0x0000000000000378       0x88 ./Peripheral/src/ch32x035_gpio.o
 .debug_ranges  0x0000000000000400       0x70 ./Peripheral/src/ch32x035_rcc.o
 .debug_ranges  0x0000000000000470      0x310 ./Peripheral/src/ch32x035_tim.o
 .debug_ranges  0x0000000000000780       0xe0 ./Peripheral/src/ch32x035_usart.o
 .debug_ranges  0x0000000000000860       0x40 ./Debug/debug.o

.debug_line     0x0000000000000000     0xba7a
 .debug_line    0x0000000000000000      0xc96 ./User/AiP650E.o
 .debug_line    0x0000000000000c96      0x33d ./User/ch32x035_it.o
 .debug_line    0x0000000000000fd3      0xdc0 ./User/main.o
 .debug_line    0x0000000000001d93      0x41d ./User/system_ch32x035.o
 .debug_line    0x00000000000021b0      0x141 ./Startup/startup_ch32x035.o
 .debug_line    0x00000000000022f1     0x15aa ./Peripheral/src/ch32x035_adc.o
 .debug_line    0x000000000000389b     0x1c9b ./Peripheral/src/ch32x035_flash.o
 .debug_line    0x0000000000005536     0x132f ./Peripheral/src/ch32x035_gpio.o
 .debug_line    0x0000000000006865      0x872 ./Peripheral/src/ch32x035_rcc.o
 .debug_line    0x00000000000070d7     0x3296 ./Peripheral/src/ch32x035_tim.o
 .debug_line    0x000000000000a36d      0xf22 ./Peripheral/src/ch32x035_usart.o
 .debug_line    0x000000000000b28f      0x7eb ./Debug/debug.o

.debug_str      0x0000000000000000     0x2b99
 .debug_str     0x0000000000000000      0x7ed ./User/AiP650E.o
                                        0x869 (size before relaxing)
 .debug_str     0x00000000000007ed       0xec ./User/ch32x035_it.o
                                        0x693 (size before relaxing)
 .debug_str     0x00000000000008d9      0x703 ./User/main.o
                                        0xef7 (size before relaxing)
 .debug_str     0x0000000000000fdc       0xc1 ./User/system_ch32x035.o
                                        0x6c2 (size before relaxing)
 .debug_str     0x000000000000109d       0x4d ./Startup/startup_ch32x035.o
                                         0x87 (size before relaxing)
 .debug_str     0x00000000000010ea      0x468 ./Peripheral/src/ch32x035_adc.o
                                        0xc32 (size before relaxing)
 .debug_str     0x0000000000001552      0x394 ./Peripheral/src/ch32x035_flash.o
                                        0xab5 (size before relaxing)
 .debug_str     0x00000000000018e6      0x1f1 ./Peripheral/src/ch32x035_gpio.o
                                        0x97d (size before relaxing)
 .debug_str     0x0000000000001ad7      0x1e7 ./Peripheral/src/ch32x035_rcc.o
                                        0x881 (size before relaxing)
 .debug_str     0x0000000000001cbe      0xa37 ./Peripheral/src/ch32x035_tim.o
                                       0x13b1 (size before relaxing)
 .debug_str     0x00000000000026f5      0x3f9 ./Peripheral/src/ch32x035_usart.o
                                        0xb0a (size before relaxing)
 .debug_str     0x0000000000002aee       0xab ./Debug/debug.o
                                        0x90b (size before relaxing)

.comment        0x0000000000000000       0x33
 .comment       0x0000000000000000       0x33 ./User/AiP650E.o
                                         0x34 (size before relaxing)
 .comment       0x0000000000000033       0x34 ./User/ch32x035_it.o
 .comment       0x0000000000000033       0x34 ./User/main.o
 .comment       0x0000000000000033       0x34 ./User/system_ch32x035.o
 .comment       0x0000000000000033       0x34 ./Peripheral/src/ch32x035_adc.o
 .comment       0x0000000000000033       0x34 ./Peripheral/src/ch32x035_flash.o
 .comment       0x0000000000000033       0x34 ./Peripheral/src/ch32x035_gpio.o
 .comment       0x0000000000000033       0x34 ./Peripheral/src/ch32x035_rcc.o
 .comment       0x0000000000000033       0x34 ./Peripheral/src/ch32x035_tim.o
 .comment       0x0000000000000033       0x34 ./Peripheral/src/ch32x035_usart.o
 .comment       0x0000000000000033       0x34 ./Debug/debug.o

.debug_frame    0x0000000000000000     0x22b8
 .debug_frame   0x0000000000000000      0x1cc ./User/AiP650E.o
 .debug_frame   0x00000000000001cc       0x30 ./User/ch32x035_it.o
 .debug_frame   0x00000000000001fc      0x144 ./User/main.o
 .debug_frame   0x0000000000000340       0x30 ./User/system_ch32x035.o
 .debug_frame   0x0000000000000370      0x27c ./Peripheral/src/ch32x035_adc.o
 .debug_frame   0x00000000000005ec      0x2e8 ./Peripheral/src/ch32x035_flash.o
 .debug_frame   0x00000000000008d4      0x140 ./Peripheral/src/ch32x035_gpio.o
 .debug_frame   0x0000000000000a14       0xfc ./Peripheral/src/ch32x035_rcc.o
 .debug_frame   0x0000000000000b10      0x654 ./Peripheral/src/ch32x035_tim.o
 .debug_frame   0x0000000000001164      0x1e4 ./Peripheral/src/ch32x035_usart.o
 .debug_frame   0x0000000000001348       0xb8 ./Debug/debug.o
 .debug_frame   0x0000000000001400       0x4c e:/app/code/mounriver/mounriver_studio2/resources/app/resources/win32/components/wch/toolchain/risc-v embedded gcc/bin/../lib/gcc/riscv-none-embed/8.2.0/../../../../riscv-none-embed/lib/rv32imacxw/ilp32\libm.a(lib_a-s_floor.o)
 .debug_frame   0x000000000000144c       0x44 e:/app/code/mounriver/mounriver_studio2/resources/app/resources/win32/components/wch/toolchain/risc-v embedded gcc/bin/../lib/gcc/riscv-none-embed/8.2.0/../../../../riscv-none-embed/lib/rv32imacxw/ilp32\libm.a(lib_a-w_log.o)
 .debug_frame   0x0000000000001490       0x60 e:/app/code/mounriver/mounriver_studio2/resources/app/resources/win32/components/wch/toolchain/risc-v embedded gcc/bin/../lib/gcc/riscv-none-embed/8.2.0/../../../../riscv-none-embed/lib/rv32imacxw/ilp32\libm.a(lib_a-e_log.o)
 .debug_frame   0x00000000000014f0       0x20 e:/app/code/mounriver/mounriver_studio2/resources/app/resources/win32/components/wch/toolchain/risc-v embedded gcc/bin/../lib/gcc/riscv-none-embed/8.2.0/../../../../riscv-none-embed/lib/rv32imacxw/ilp32\libm.a(lib_a-s_matherr.o)
 .debug_frame   0x0000000000001510       0x20 e:/app/code/mounriver/mounriver_studio2/resources/app/resources/win32/components/wch/toolchain/risc-v embedded gcc/bin/../lib/gcc/riscv-none-embed/8.2.0/../../../../riscv-none-embed/lib/rv32imacxw/ilp32\libm.a(lib_a-s_nan.o)
 .debug_frame   0x0000000000001530       0x44 e:/app/code/mounriver/mounriver_studio2/resources/app/resources/win32/components/wch/toolchain/risc-v embedded gcc/bin/../lib/gcc/riscv-none-embed/8.2.0/rv32imacxw/ilp32\libgcc.a(adddf3.o)
 .debug_frame   0x0000000000001574       0x50 e:/app/code/mounriver/mounriver_studio2/resources/app/resources/win32/components/wch/toolchain/risc-v embedded gcc/bin/../lib/gcc/riscv-none-embed/8.2.0/rv32imacxw/ilp32\libgcc.a(divdf3.o)
 .debug_frame   0x00000000000015c4       0x20 e:/app/code/mounriver/mounriver_studio2/resources/app/resources/win32/components/wch/toolchain/risc-v embedded gcc/bin/../lib/gcc/riscv-none-embed/8.2.0/rv32imacxw/ilp32\libgcc.a(eqdf2.o)
 .debug_frame   0x00000000000015e4       0x20 e:/app/code/mounriver/mounriver_studio2/resources/app/resources/win32/components/wch/toolchain/risc-v embedded gcc/bin/../lib/gcc/riscv-none-embed/8.2.0/rv32imacxw/ilp32\libgcc.a(gedf2.o)
 .debug_frame   0x0000000000001604       0x54 e:/app/code/mounriver/mounriver_studio2/resources/app/resources/win32/components/wch/toolchain/risc-v embedded gcc/bin/../lib/gcc/riscv-none-embed/8.2.0/rv32imacxw/ilp32\libgcc.a(muldf3.o)
 .debug_frame   0x0000000000001658       0x44 e:/app/code/mounriver/mounriver_studio2/resources/app/resources/win32/components/wch/toolchain/risc-v embedded gcc/bin/../lib/gcc/riscv-none-embed/8.2.0/rv32imacxw/ilp32\libgcc.a(subdf3.o)
 .debug_frame   0x000000000000169c       0x20 e:/app/code/mounriver/mounriver_studio2/resources/app/resources/win32/components/wch/toolchain/risc-v embedded gcc/bin/../lib/gcc/riscv-none-embed/8.2.0/rv32imacxw/ilp32\libgcc.a(unorddf2.o)
 .debug_frame   0x00000000000016bc       0x20 e:/app/code/mounriver/mounriver_studio2/resources/app/resources/win32/components/wch/toolchain/risc-v embedded gcc/bin/../lib/gcc/riscv-none-embed/8.2.0/rv32imacxw/ilp32\libgcc.a(fixunsdfsi.o)
 .debug_frame   0x00000000000016dc       0x38 e:/app/code/mounriver/mounriver_studio2/resources/app/resources/win32/components/wch/toolchain/risc-v embedded gcc/bin/../lib/gcc/riscv-none-embed/8.2.0/rv32imacxw/ilp32\libgcc.a(floatsidf.o)
 .debug_frame   0x0000000000001714       0x40 e:/app/code/mounriver/mounriver_studio2/resources/app/resources/win32/components/wch/toolchain/risc-v embedded gcc/bin/../lib/gcc/riscv-none-embed/8.2.0/rv32imacxw/ilp32\libgcc.a(addsf3.o)
 .debug_frame   0x0000000000001754       0x50 e:/app/code/mounriver/mounriver_studio2/resources/app/resources/win32/components/wch/toolchain/risc-v embedded gcc/bin/../lib/gcc/riscv-none-embed/8.2.0/rv32imacxw/ilp32\libgcc.a(divsf3.o)
 .debug_frame   0x00000000000017a4       0x20 e:/app/code/mounriver/mounriver_studio2/resources/app/resources/win32/components/wch/toolchain/risc-v embedded gcc/bin/../lib/gcc/riscv-none-embed/8.2.0/rv32imacxw/ilp32\libgcc.a(gesf2.o)
 .debug_frame   0x00000000000017c4       0x20 e:/app/code/mounriver/mounriver_studio2/resources/app/resources/win32/components/wch/toolchain/risc-v embedded gcc/bin/../lib/gcc/riscv-none-embed/8.2.0/rv32imacxw/ilp32\libgcc.a(lesf2.o)
 .debug_frame   0x00000000000017e4       0x50 e:/app/code/mounriver/mounriver_studio2/resources/app/resources/win32/components/wch/toolchain/risc-v embedded gcc/bin/../lib/gcc/riscv-none-embed/8.2.0/rv32imacxw/ilp32\libgcc.a(mulsf3.o)
 .debug_frame   0x0000000000001834       0x3c e:/app/code/mounriver/mounriver_studio2/resources/app/resources/win32/components/wch/toolchain/risc-v embedded gcc/bin/../lib/gcc/riscv-none-embed/8.2.0/rv32imacxw/ilp32\libgcc.a(subsf3.o)
 .debug_frame   0x0000000000001870       0x20 e:/app/code/mounriver/mounriver_studio2/resources/app/resources/win32/components/wch/toolchain/risc-v embedded gcc/bin/../lib/gcc/riscv-none-embed/8.2.0/rv32imacxw/ilp32\libgcc.a(fixunssfsi.o)
 .debug_frame   0x0000000000001890       0x38 e:/app/code/mounriver/mounriver_studio2/resources/app/resources/win32/components/wch/toolchain/risc-v embedded gcc/bin/../lib/gcc/riscv-none-embed/8.2.0/rv32imacxw/ilp32\libgcc.a(floatsisf.o)
 .debug_frame   0x00000000000018c8       0x44 e:/app/code/mounriver/mounriver_studio2/resources/app/resources/win32/components/wch/toolchain/risc-v embedded gcc/bin/../lib/gcc/riscv-none-embed/8.2.0/rv32imacxw/ilp32\libgcc.a(floatunsisf.o)
 .debug_frame   0x000000000000190c       0x38 e:/app/code/mounriver/mounriver_studio2/resources/app/resources/win32/components/wch/toolchain/risc-v embedded gcc/bin/../lib/gcc/riscv-none-embed/8.2.0/rv32imacxw/ilp32\libgcc.a(extendsfdf2.o)
 .debug_frame   0x0000000000001944       0x20 e:/app/code/mounriver/mounriver_studio2/resources/app/resources/win32/components/wch/toolchain/risc-v embedded gcc/bin/../lib/gcc/riscv-none-embed/8.2.0/rv32imacxw/ilp32\libgcc.a(truncdfsf2.o)
 .debug_frame   0x0000000000001964       0x20 e:/app/code/mounriver/mounriver_studio2/resources/app/resources/win32/components/wch/toolchain/risc-v embedded gcc/bin/../lib/gcc/riscv-none-embed/8.2.0/rv32imacxw/ilp32\libgcc.a(_clzsi2.o)
 .debug_frame   0x0000000000001984       0x20 e:/app/code/mounriver/mounriver_studio2/resources/app/resources/win32/components/wch/toolchain/risc-v embedded gcc/bin/../lib/gcc/riscv-none-embed/8.2.0/../../../../riscv-none-embed/lib/rv32imacxw/ilp32\libg_nano.a(lib_a-errno.o)
 .debug_frame   0x00000000000019a4       0x54 e:/app/code/mounriver/mounriver_studio2/resources/app/resources/win32/components/wch/toolchain/risc-v embedded gcc/bin/../lib/gcc/riscv-none-embed/8.2.0/../../../../riscv-none-embed/lib/rv32imacxw/ilp32\libg_nano.a(lib_a-printf.o)
 .debug_frame   0x00000000000019f8       0x54 e:/app/code/mounriver/mounriver_studio2/resources/app/resources/win32/components/wch/toolchain/risc-v embedded gcc/bin/../lib/gcc/riscv-none-embed/8.2.0/../../../../riscv-none-embed/lib/rv32imacxw/ilp32\libg_nano.a(lib_a-puts.o)
 .debug_frame   0x0000000000001a4c       0x50 e:/app/code/mounriver/mounriver_studio2/resources/app/resources/win32/components/wch/toolchain/risc-v embedded gcc/bin/../lib/gcc/riscv-none-embed/8.2.0/../../../../riscv-none-embed/lib/rv32imacxw/ilp32\libg_nano.a(lib_a-wbuf.o)
 .debug_frame   0x0000000000001a9c       0x3c e:/app/code/mounriver/mounriver_studio2/resources/app/resources/win32/components/wch/toolchain/risc-v embedded gcc/bin/../lib/gcc/riscv-none-embed/8.2.0/../../../../riscv-none-embed/lib/rv32imacxw/ilp32\libg_nano.a(lib_a-wsetup.o)
 .debug_frame   0x0000000000001ad8       0x7c e:/app/code/mounriver/mounriver_studio2/resources/app/resources/win32/components/wch/toolchain/risc-v embedded gcc/bin/../lib/gcc/riscv-none-embed/8.2.0/../../../../riscv-none-embed/lib/rv32imacxw/ilp32\libg_nano.a(lib_a-fflush.o)
 .debug_frame   0x0000000000001b54      0x148 e:/app/code/mounriver/mounriver_studio2/resources/app/resources/win32/components/wch/toolchain/risc-v embedded gcc/bin/../lib/gcc/riscv-none-embed/8.2.0/../../../../riscv-none-embed/lib/rv32imacxw/ilp32\libg_nano.a(lib_a-findfp.o)
 .debug_frame   0x0000000000001c9c       0x88 e:/app/code/mounriver/mounriver_studio2/resources/app/resources/win32/components/wch/toolchain/risc-v embedded gcc/bin/../lib/gcc/riscv-none-embed/8.2.0/../../../../riscv-none-embed/lib/rv32imacxw/ilp32\libg_nano.a(lib_a-fwalk.o)
 .debug_frame   0x0000000000001d24       0x64 e:/app/code/mounriver/mounriver_studio2/resources/app/resources/win32/components/wch/toolchain/risc-v embedded gcc/bin/../lib/gcc/riscv-none-embed/8.2.0/../../../../riscv-none-embed/lib/rv32imacxw/ilp32\libg_nano.a(lib_a-makebuf.o)
 .debug_frame   0x0000000000001d88       0x40 e:/app/code/mounriver/mounriver_studio2/resources/app/resources/win32/components/wch/toolchain/risc-v embedded gcc/bin/../lib/gcc/riscv-none-embed/8.2.0/../../../../riscv-none-embed/lib/rv32imacxw/ilp32\libg_nano.a(lib_a-nano-freer.o)
 .debug_frame   0x0000000000001dc8       0x40 e:/app/code/mounriver/mounriver_studio2/resources/app/resources/win32/components/wch/toolchain/risc-v embedded gcc/bin/../lib/gcc/riscv-none-embed/8.2.0/../../../../riscv-none-embed/lib/rv32imacxw/ilp32\libg_nano.a(lib_a-nano-mallocr.o)
 .debug_frame   0x0000000000001e08       0xd0 e:/app/code/mounriver/mounriver_studio2/resources/app/resources/win32/components/wch/toolchain/risc-v embedded gcc/bin/../lib/gcc/riscv-none-embed/8.2.0/../../../../riscv-none-embed/lib/rv32imacxw/ilp32\libg_nano.a(lib_a-nano-vfprintf.o)
 .debug_frame   0x0000000000001ed8       0x8c e:/app/code/mounriver/mounriver_studio2/resources/app/resources/win32/components/wch/toolchain/risc-v embedded gcc/bin/../lib/gcc/riscv-none-embed/8.2.0/../../../../riscv-none-embed/lib/rv32imacxw/ilp32\libg_nano.a(lib_a-nano-vfprintf_i.o)
 .debug_frame   0x0000000000001f64       0x30 e:/app/code/mounriver/mounriver_studio2/resources/app/resources/win32/components/wch/toolchain/risc-v embedded gcc/bin/../lib/gcc/riscv-none-embed/8.2.0/../../../../riscv-none-embed/lib/rv32imacxw/ilp32\libg_nano.a(lib_a-sbrkr.o)
 .debug_frame   0x0000000000001f94       0xa4 e:/app/code/mounriver/mounriver_studio2/resources/app/resources/win32/components/wch/toolchain/risc-v embedded gcc/bin/../lib/gcc/riscv-none-embed/8.2.0/../../../../riscv-none-embed/lib/rv32imacxw/ilp32\libg_nano.a(lib_a-stdio.o)
 .debug_frame   0x0000000000002038       0x30 e:/app/code/mounriver/mounriver_studio2/resources/app/resources/win32/components/wch/toolchain/risc-v embedded gcc/bin/../lib/gcc/riscv-none-embed/8.2.0/../../../../riscv-none-embed/lib/rv32imacxw/ilp32\libg_nano.a(lib_a-writer.o)
 .debug_frame   0x0000000000002068       0x30 e:/app/code/mounriver/mounriver_studio2/resources/app/resources/win32/components/wch/toolchain/risc-v embedded gcc/bin/../lib/gcc/riscv-none-embed/8.2.0/../../../../riscv-none-embed/lib/rv32imacxw/ilp32\libg_nano.a(lib_a-closer.o)
 .debug_frame   0x0000000000002098       0x30 e:/app/code/mounriver/mounriver_studio2/resources/app/resources/win32/components/wch/toolchain/risc-v embedded gcc/bin/../lib/gcc/riscv-none-embed/8.2.0/../../../../riscv-none-embed/lib/rv32imacxw/ilp32\libg_nano.a(lib_a-fstatr.o)
 .debug_frame   0x00000000000020c8       0x30 e:/app/code/mounriver/mounriver_studio2/resources/app/resources/win32/components/wch/toolchain/risc-v embedded gcc/bin/../lib/gcc/riscv-none-embed/8.2.0/../../../../riscv-none-embed/lib/rv32imacxw/ilp32\libg_nano.a(lib_a-isattyr.o)
 .debug_frame   0x00000000000020f8       0x30 e:/app/code/mounriver/mounriver_studio2/resources/app/resources/win32/components/wch/toolchain/risc-v embedded gcc/bin/../lib/gcc/riscv-none-embed/8.2.0/../../../../riscv-none-embed/lib/rv32imacxw/ilp32\libg_nano.a(lib_a-lseekr.o)
 .debug_frame   0x0000000000002128       0x20 e:/app/code/mounriver/mounriver_studio2/resources/app/resources/win32/components/wch/toolchain/risc-v embedded gcc/bin/../lib/gcc/riscv-none-embed/8.2.0/../../../../riscv-none-embed/lib/rv32imacxw/ilp32\libg_nano.a(lib_a-memchr.o)
 .debug_frame   0x0000000000002148       0x30 e:/app/code/mounriver/mounriver_studio2/resources/app/resources/win32/components/wch/toolchain/risc-v embedded gcc/bin/../lib/gcc/riscv-none-embed/8.2.0/../../../../riscv-none-embed/lib/rv32imacxw/ilp32\libg_nano.a(lib_a-mlock.o)
 .debug_frame   0x0000000000002178       0x30 e:/app/code/mounriver/mounriver_studio2/resources/app/resources/win32/components/wch/toolchain/risc-v embedded gcc/bin/../lib/gcc/riscv-none-embed/8.2.0/../../../../riscv-none-embed/lib/rv32imacxw/ilp32\libg_nano.a(lib_a-readr.o)
 .debug_frame   0x00000000000021a8       0x70 e:/app/code/mounriver/mounriver_studio2/resources/app/resources/win32/components/wch/toolchain/risc-v embedded gcc/bin/../lib/gcc/riscv-none-embed/8.2.0/../../../../riscv-none-embed/lib/rv32imacxw/ilp32\libg_nano.a(lib_a-reent.o)
 .debug_frame   0x0000000000002218       0x20 e:/app/code/mounriver/mounriver_studio2/resources/app/resources/win32/components/wch/toolchain/risc-v embedded gcc/bin/../lib/gcc/riscv-none-embed/8.2.0/../../../../riscv-none-embed/lib/rv32imacxw/ilp32\libnosys.a(close.o)
 .debug_frame   0x0000000000002238       0x20 e:/app/code/mounriver/mounriver_studio2/resources/app/resources/win32/components/wch/toolchain/risc-v embedded gcc/bin/../lib/gcc/riscv-none-embed/8.2.0/../../../../riscv-none-embed/lib/rv32imacxw/ilp32\libnosys.a(fstat.o)
 .debug_frame   0x0000000000002258       0x20 e:/app/code/mounriver/mounriver_studio2/resources/app/resources/win32/components/wch/toolchain/risc-v embedded gcc/bin/../lib/gcc/riscv-none-embed/8.2.0/../../../../riscv-none-embed/lib/rv32imacxw/ilp32\libnosys.a(isatty.o)
 .debug_frame   0x0000000000002278       0x20 e:/app/code/mounriver/mounriver_studio2/resources/app/resources/win32/components/wch/toolchain/risc-v embedded gcc/bin/../lib/gcc/riscv-none-embed/8.2.0/../../../../riscv-none-embed/lib/rv32imacxw/ilp32\libnosys.a(lseek.o)
 .debug_frame   0x0000000000002298       0x20 e:/app/code/mounriver/mounriver_studio2/resources/app/resources/win32/components/wch/toolchain/risc-v embedded gcc/bin/../lib/gcc/riscv-none-embed/8.2.0/../../../../riscv-none-embed/lib/rv32imacxw/ilp32\libnosys.a(read.o)

.stab           0x0000000000000000       0x84
 .stab          0x0000000000000000       0x24 e:/app/code/mounriver/mounriver_studio2/resources/app/resources/win32/components/wch/toolchain/risc-v embedded gcc/bin/../lib/gcc/riscv-none-embed/8.2.0/../../../../riscv-none-embed/lib/rv32imacxw/ilp32\libnosys.a(close.o)
 .stab          0x0000000000000024       0x18 e:/app/code/mounriver/mounriver_studio2/resources/app/resources/win32/components/wch/toolchain/risc-v embedded gcc/bin/../lib/gcc/riscv-none-embed/8.2.0/../../../../riscv-none-embed/lib/rv32imacxw/ilp32\libnosys.a(fstat.o)
                                         0x24 (size before relaxing)
 .stab          0x000000000000003c       0x18 e:/app/code/mounriver/mounriver_studio2/resources/app/resources/win32/components/wch/toolchain/risc-v embedded gcc/bin/../lib/gcc/riscv-none-embed/8.2.0/../../../../riscv-none-embed/lib/rv32imacxw/ilp32\libnosys.a(isatty.o)
                                         0x24 (size before relaxing)
 .stab          0x0000000000000054       0x18 e:/app/code/mounriver/mounriver_studio2/resources/app/resources/win32/components/wch/toolchain/risc-v embedded gcc/bin/../lib/gcc/riscv-none-embed/8.2.0/../../../../riscv-none-embed/lib/rv32imacxw/ilp32\libnosys.a(lseek.o)
                                         0x24 (size before relaxing)
 .stab          0x000000000000006c       0x18 e:/app/code/mounriver/mounriver_studio2/resources/app/resources/win32/components/wch/toolchain/risc-v embedded gcc/bin/../lib/gcc/riscv-none-embed/8.2.0/../../../../riscv-none-embed/lib/rv32imacxw/ilp32\libnosys.a(read.o)
                                         0x24 (size before relaxing)

.stabstr        0x0000000000000000      0x117
 .stabstr       0x0000000000000000      0x117 e:/app/code/mounriver/mounriver_studio2/resources/app/resources/win32/components/wch/toolchain/risc-v embedded gcc/bin/../lib/gcc/riscv-none-embed/8.2.0/../../../../riscv-none-embed/lib/rv32imacxw/ilp32\libnosys.a(close.o)
