Archive member included to satisfy reference by file (symbol)

e:/app/code/mounriver/mounriver_studio2/resources/app/resources/win32/components/wch/toolchain/risc-v embedded gcc/bin/../lib/gcc/riscv-none-embed/8.2.0/../../../../riscv-none-embed/lib/rv32imacxw/ilp32\libm.a(lib_a-w_log.o)
                              ./User/main.o (log)
e:/app/code/mounriver/mounriver_studio2/resources/app/resources/win32/components/wch/toolchain/risc-v embedded gcc/bin/../lib/gcc/riscv-none-embed/8.2.0/../../../../riscv-none-embed/lib/rv32imacxw/ilp32\libm.a(lib_a-e_log.o)
                              e:/app/code/mounriver/mounriver_studio2/resources/app/resources/win32/components/wch/toolchain/risc-v embedded gcc/bin/../lib/gcc/riscv-none-embed/8.2.0/../../../../riscv-none-embed/lib/rv32imacxw/ilp32\libm.a(lib_a-w_log.o) (__ieee754_log)
e:/app/code/mounriver/mounriver_studio2/resources/app/resources/win32/components/wch/toolchain/risc-v embedded gcc/bin/../lib/gcc/riscv-none-embed/8.2.0/../../../../riscv-none-embed/lib/rv32imacxw/ilp32\libm.a(lib_a-s_lib_ver.o)
                              e:/app/code/mounriver/mounriver_studio2/resources/app/resources/win32/components/wch/toolchain/risc-v embedded gcc/bin/../lib/gcc/riscv-none-embed/8.2.0/../../../../riscv-none-embed/lib/rv32imacxw/ilp32\libm.a(lib_a-w_log.o) (__fdlib_version)
e:/app/code/mounriver/mounriver_studio2/resources/app/resources/win32/components/wch/toolchain/risc-v embedded gcc/bin/../lib/gcc/riscv-none-embed/8.2.0/../../../../riscv-none-embed/lib/rv32imacxw/ilp32\libm.a(lib_a-s_matherr.o)
                              e:/app/code/mounriver/mounriver_studio2/resources/app/resources/win32/components/wch/toolchain/risc-v embedded gcc/bin/../lib/gcc/riscv-none-embed/8.2.0/../../../../riscv-none-embed/lib/rv32imacxw/ilp32\libm.a(lib_a-w_log.o) (matherr)
e:/app/code/mounriver/mounriver_studio2/resources/app/resources/win32/components/wch/toolchain/risc-v embedded gcc/bin/../lib/gcc/riscv-none-embed/8.2.0/../../../../riscv-none-embed/lib/rv32imacxw/ilp32\libm.a(lib_a-s_nan.o)
                              e:/app/code/mounriver/mounriver_studio2/resources/app/resources/win32/components/wch/toolchain/risc-v embedded gcc/bin/../lib/gcc/riscv-none-embed/8.2.0/../../../../riscv-none-embed/lib/rv32imacxw/ilp32\libm.a(lib_a-w_log.o) (nan)
e:/app/code/mounriver/mounriver_studio2/resources/app/resources/win32/components/wch/toolchain/risc-v embedded gcc/bin/../lib/gcc/riscv-none-embed/8.2.0/rv32imacxw/ilp32\libgcc.a(adddf3.o)
                              ./User/main.o (__adddf3)
e:/app/code/mounriver/mounriver_studio2/resources/app/resources/win32/components/wch/toolchain/risc-v embedded gcc/bin/../lib/gcc/riscv-none-embed/8.2.0/rv32imacxw/ilp32\libgcc.a(divdf3.o)
                              ./User/main.o (__divdf3)
e:/app/code/mounriver/mounriver_studio2/resources/app/resources/win32/components/wch/toolchain/risc-v embedded gcc/bin/../lib/gcc/riscv-none-embed/8.2.0/rv32imacxw/ilp32\libgcc.a(eqdf2.o)
                              e:/app/code/mounriver/mounriver_studio2/resources/app/resources/win32/components/wch/toolchain/risc-v embedded gcc/bin/../lib/gcc/riscv-none-embed/8.2.0/../../../../riscv-none-embed/lib/rv32imacxw/ilp32\libm.a(lib_a-w_log.o) (__eqdf2)
e:/app/code/mounriver/mounriver_studio2/resources/app/resources/win32/components/wch/toolchain/risc-v embedded gcc/bin/../lib/gcc/riscv-none-embed/8.2.0/rv32imacxw/ilp32\libgcc.a(gedf2.o)
                              e:/app/code/mounriver/mounriver_studio2/resources/app/resources/win32/components/wch/toolchain/risc-v embedded gcc/bin/../lib/gcc/riscv-none-embed/8.2.0/../../../../riscv-none-embed/lib/rv32imacxw/ilp32\libm.a(lib_a-w_log.o) (__gtdf2)
e:/app/code/mounriver/mounriver_studio2/resources/app/resources/win32/components/wch/toolchain/risc-v embedded gcc/bin/../lib/gcc/riscv-none-embed/8.2.0/rv32imacxw/ilp32\libgcc.a(muldf3.o)
                              ./User/main.o (__muldf3)
e:/app/code/mounriver/mounriver_studio2/resources/app/resources/win32/components/wch/toolchain/risc-v embedded gcc/bin/../lib/gcc/riscv-none-embed/8.2.0/rv32imacxw/ilp32\libgcc.a(subdf3.o)
                              ./User/main.o (__subdf3)
e:/app/code/mounriver/mounriver_studio2/resources/app/resources/win32/components/wch/toolchain/risc-v embedded gcc/bin/../lib/gcc/riscv-none-embed/8.2.0/rv32imacxw/ilp32\libgcc.a(unorddf2.o)
                              e:/app/code/mounriver/mounriver_studio2/resources/app/resources/win32/components/wch/toolchain/risc-v embedded gcc/bin/../lib/gcc/riscv-none-embed/8.2.0/../../../../riscv-none-embed/lib/rv32imacxw/ilp32\libm.a(lib_a-w_log.o) (__unorddf2)
e:/app/code/mounriver/mounriver_studio2/resources/app/resources/win32/components/wch/toolchain/risc-v embedded gcc/bin/../lib/gcc/riscv-none-embed/8.2.0/rv32imacxw/ilp32\libgcc.a(floatsidf.o)
[...]
Memory Configuration

Name             Origin             Length             Attributes
FLASH            0x0000000000000000 0x000000000000f800 xr
RAM              0x0000000020000000 0x0000000000005000 xrw
*default*        0x0000000000000000 0xffffffffffffffff

Linker script and memory map

LOAD ./User/AiP650E.o
LOAD ./User/ch32x035_it.o
LOAD ./User/main.o
LOAD ./User/system_ch32x035.o
LOAD ./Startup/startup_ch32x035.o
LOAD ./Peripheral/src/ch32x035_adc.o
LOAD ./Peripheral/src/ch32x035_awu.o
LOAD ./Peripheral/src/ch32x035_dbgmcu.o
LOAD ./Peripheral/src/ch32x035_dma.o
LOAD ./Peripheral/src/ch32x035_exti.o
LOAD ./Peripheral/src/ch32x035_flash.o
LOAD ./Peripheral/src/ch32x035_gpio.o
LOAD ./Peripheral/src/ch32x035_i2c.o
LOAD ./Peripheral/src/ch32x035_iwdg.o
LOAD ./Peripheral/src/ch32x035_misc.o
LOAD ./Peripheral/src/ch32x035_opa.o
LOAD ./Peripheral/src/ch32x035_pwr.o
LOAD ./Peripheral/src/ch32x035_rcc.o
LOAD ./Peripheral/src/ch32x035_spi.o
LOAD ./Peripheral/src/ch32x035_tim.o
LOAD ./Peripheral/src/ch32x035_usart.o
LOAD ./Peripheral/src/ch32x035_wwdg.o
LOAD ./Debug/debug.o
LOAD ./Core/core_riscv.o
LOAD e:/app/code/mounriver/mounriver_studio2/resources/app/resources/win32/components/wch/toolchain/risc-v embedded gcc/bin/../lib/gcc/riscv-none-embed/8.2.0/../../../../riscv-none-embed/lib/rv32imacxw/ilp32\libm.a
LOAD e:/app/code/mounriver/mounriver_studio2/resources/app/resources/win32/components/wch/toolchain/risc-v embedded gcc/bin/../lib/gcc/riscv-none-embed/8.2.0/rv32imacxw/ilp32\libgcc.a
LOAD e:/app/code/mounriver/mounriver_studio2/resources/app/resources/win32/components/wch/toolchain/risc-v embedded gcc/bin/../lib/gcc/riscv-none-embed/8.2.0/../../../../riscv-none-embed/lib/rv32imacxw/ilp32\libg_nano.a
LOAD e:/app/code/mounriver/mounriver_studio2/resources/app/resources/win32/components/wch/toolchain/risc-v embedded gcc/bin/../lib/gcc/riscv-none-embed/8.2.0/../../../../riscv-none-embed/lib/rv32imacxw/ilp32\libc_nano.a
LOAD e:/app/code/mounriver/mounriver_studio2/resources/app/resources/win32/components/wch/toolchain/risc-v embedded gcc/bin/../lib/gcc/riscv-none-embed/8.2.0/rv32imacxw/ilp32\libgcc.a
START GROUP
LOAD e:/app/code/mounriver/mounriver_studio2/resources/app/resources/win32/components/wch/toolchain/risc-v embedded gcc/bin/../lib/gcc/riscv-none-embed/8.2.0/rv32imacxw/ilp32\libgcc.a
LOAD e:/app/code/mounriver/mounriver_studio2/resources/app/resources/win32/components/wch/toolchain/risc-v embedded gcc/bin/../lib/gcc/riscv-none-embed/8.2.0/../../../../riscv-none-embed/lib/rv32imacxw/ilp32\libc_nano.a
LOAD e:/app/code/mounriver/mounriver_studio2/resources/app/resources/win32/components/wch/toolchain/risc-v embedded gcc/bin/../lib/gcc/riscv-none-embed/8.2.0/../../../../riscv-none-embed/lib/rv32imacxw/ilp32\libnosys.a
END GROUP
START GROUP
LOAD e:/app/code/mounriver/mounriver_studio2/resources/app/resources/win32/components/wch/toolchain/risc-v embedded gcc/bin/../lib/gcc/riscv-none-embed/8.2.0/rv32imacxw/ilp32\libgcc.a
LOAD e:/app/code/mounriver/mounriver_studio2/resources/app/resources/win32/components/wch/toolchain/risc-v embedded gcc/bin/../lib/gcc/riscv-none-embed/8.2.0/../../../../riscv-none-embed/lib/rv32imacxw/ilp32\libc_nano.a
LOAD e:/app/code/mounriver/mounriver_studio2/resources/app/resources/win32/components/wch/toolchain/risc-v embedded gcc/bin/../lib/gcc/riscv-none-embed/8.2.0/../../../../riscv-none-embed/lib/rv32imacxw/ilp32\libnosys.a
END GROUP
                0x0000000000000800                __stack_size = 0x800
                [!provide]                        PROVIDE (_stack_size = __stack_size)

.init           0x0000000000000000        0x4
                0x0000000000000000                _sinit = .
                0x0000000000000000                . = ALIGN (0x4)
 *(SORT_NONE(.init))
 .init          0x0000000000000000        0x4 ./Startup/startup_ch32x035.o
                0x0000000000000000                _start
                0x0000000000000004                . = ALIGN (0x4)
                0x0000000000000004                _einit = .

.vector         0x0000000000000004       0xfc
 *(.vector)
 .vector        0x0000000000000004       0xdc ./Startup/startup_ch32x035.o
                0x0000000000000100                . = ALIGN (0x40)
 *fill*         0x00000000000000e0       0x20 

.text           0x0000000000000100     0x51c4
                0x0000000000000100                . = ALIGN (0x4)
 *(.text)
 .text          0x0000000000000100       0x60 e:/app/code/mounriver/mounriver_studio2/resources/app/resources/win32/components/wch/toolchain/risc-v embedded gcc/bin/../lib/gcc/riscv-none-embed/8.2.0/rv32imacxw/ilp32\libgcc.a(save-restore.o)
                0x0000000000000100                __riscv_save_12
                0x0000000000000108                __riscv_save_9
                0x0000000000000108                __riscv_save_11
                0x0000000000000108                __riscv_save_10
                0x0000000000000108                __riscv_save_8
                0x0000000000000116                __riscv_save_4
                0x0000000000000116                __riscv_save_6
                0x0000000000000116                __riscv_save_5
                0x0000000000000116                __riscv_save_7
                0x0000000000000130                __riscv_save_3
                0x0000000000000130                __riscv_save_2
                0x0000000000000130                __riscv_save_1
                0x0000000000000130                __riscv_save_0
                0x000000000000013c                __riscv_restore_12
                0x0000000000000140                __riscv_restore_11
                0x0000000000000140                __riscv_restore_9
                0x0000000000000140                __riscv_restore_10
                0x0000000000000140                __riscv_restore_8
                0x000000000000014a                __riscv_restore_5
                0x000000000000014a                __riscv_restore_7
                0x000000000000014a                __riscv_restore_6
                0x000000000000014a                __riscv_restore_4
                0x0000000000000154                __riscv_restore_3
                0x0000000000000154                __riscv_restore_0
                0x0000000000000154                __riscv_restore_2
                0x0000000000000154                __riscv_restore_1
 .text          0x0000000000000160       0xa8 e:/app/code/mounriver/mounriver_studio2/resources/app/resources/win32/components/wch/toolchain/risc-v embedded gcc/bin/../lib/gcc/riscv-none-embed/8.2.0/../../../../riscv-none-embed/lib/rv32imacxw/ilp32\libg_nano.a(lib_a-memset.o)
                0x0000000000000160                memset
 *(.text.*)
 .text.soft_AiP650E_Init
                0x0000000000000208       0x60 ./User/AiP650E.o
                0x0000000000000208                soft_AiP650E_Init
 .text.AiP650E_START
                0x0000000000000268       0x3c ./User/AiP650E.o
                0x0000000000000268                AiP650E_START
 .text.AiP650E_STOP
                0x00000000000002a4       0x4e ./User/AiP650E.o
                0x00000000000002a4                AiP650E_STOP
 .text.AiP650E_waitACK
                0x00000000000002f2       0x86 ./User/AiP650E.o
                0x00000000000002f2                AiP650E_waitACK
 .text.soft_AiP650E_Write
                0x0000000000000378       0x76 ./User/AiP650E.o
                0x0000000000000378                soft_AiP650E_Write
 .text.soft_AiP650E_Read
                0x00000000000003ee       0xb0 ./User/AiP650E.o
                0x00000000000003ee                soft_AiP650E_Read
 .text.NMI_Handler
                0x000000000000049e        0x2 ./User/ch32x035_it.o
                0x000000000000049e                NMI_Handler
 .text.HardFault_Handler
                0x00000000000004a0       0x10 ./User/ch32x035_it.o
                0x00000000000004a0                HardFault_Handler
 .text.TIM1_PWMOut_Init
                0x00000000000004b0       0xac ./User/main.o
                0x00000000000004b0                TIM1_PWMOut_Init
 .text.ADC_Function_Init
                0x000000000000055c       0x7e ./User/main.o
                0x000000000000055c                ADC_Function_Init
 .text.Get_ADC_Val
                0x00000000000005da       0x30 ./User/main.o
                0x00000000000005da                Get_ADC_Val
 .text.calculatePWM
                0x000000000000060a      0x136 ./User/main.o
                0x000000000000060a                calculatePWM
 .text.startup.main
                0x0000000000000740      0x112 ./User/main.o
                0x0000000000000740                main
 .text.SystemInit
                0x0000000000000852       0x42 ./User/system_ch32x035.o
                0x0000000000000852                SystemInit
 .text.SystemCoreClockUpdate
                0x0000000000000894       0x3e ./User/system_ch32x035.o
                0x0000000000000894                SystemCoreClockUpdate
 .text.vector_handler
                0x00000000000008d2        0x2 ./Startup/startup_ch32x035.o
                0x00000000000008d2                TIM1_CC_IRQHandler
                0x00000000000008d2                TIM2_UP_IRQHandler
                0x00000000000008d2                USBPD_IRQHandler
                0x00000000000008d2                SysTick_Handler
                0x00000000000008d2                PVD_IRQHandler
                0x00000000000008d2                EXTI25_16_IRQHandler
                0x00000000000008d2                USBFS_IRQHandler
                0x00000000000008d2                Break_Point_Handler
                0x00000000000008d2                TIM2_TRG_COM_IRQHandler
                0x00000000000008d2                TIM2_CC_IRQHandler
                0x00000000000008d2                SPI1_IRQHandler
                0x00000000000008d2                AWU_IRQHandler
                0x00000000000008d2                EXTI7_0_IRQHandler
                0x00000000000008d2                Ecall_M_Mode_Handler
                0x00000000000008d2                DMA1_Channel4_IRQHandler
                0x00000000000008d2                ADC1_IRQHandler
                0x00000000000008d2                TIM2_BRK_IRQHandler
                0x00000000000008d2                USART3_IRQHandler
                0x00000000000008d2                DMA1_Channel7_IRQHandler
                0x00000000000008d2                USBPDWakeUp_IRQHandler
                0x00000000000008d2                EXTI15_8_IRQHandler
                0x00000000000008d2                I2C1_EV_IRQHandler
                0x00000000000008d2                USART4_IRQHandler
                0x00000000000008d2                DMA1_Channel6_IRQHandler
                0x00000000000008d2                TIM3_IRQHandler
                0x00000000000008d2                TIM1_TRG_COM_IRQHandler
                0x00000000000008d2                DMA1_Channel1_IRQHandler
                0x00000000000008d2                DMA1_Channel8_IRQHandler
                0x00000000000008d2                PIOC_IRQHandler
                0x00000000000008d2                DMA1_Channel5_IRQHandler
                0x00000000000008d2                DMA1_Channel3_IRQHandler
                0x00000000000008d2                TIM1_UP_IRQHandler
                0x00000000000008d2                WWDG_IRQHandler
                0x00000000000008d2                Ecall_U_Mode_Handler
                0x00000000000008d2                SW_Handler
                0x00000000000008d2                TIM1_BRK_IRQHandler
                0x00000000000008d2                OPA_IRQHandler
                0x00000000000008d2                USART2_IRQHandler
                0x00000000000008d2                DMA1_Channel2_IRQHandler
                0x00000000000008d2                FLASH_IRQHandler
                0x00000000000008d2                USBFSWakeUp_IRQHandler
                0x00000000000008d2                USART1_IRQHandler
                0x00000000000008d2                I2C1_ER_IRQHandler
 .text.handle_reset
                0x00000000000008d4       0x86 ./Startup/startup_ch32x035.o
                0x00000000000008d4                handle_reset
 .text.ADC_DeInit
                0x000000000000095a       0x26 ./Peripheral/src/ch32x035_adc.o
                0x000000000000095a                ADC_DeInit
 .text.ADC_Init
                0x0000000000000980       0x56 ./Peripheral/src/ch32x035_adc.o
                0x0000000000000980                ADC_Init
 .text.ADC_Cmd  0x00000000000009d6       0x10 ./Peripheral/src/ch32x035_adc.o
                0x00000000000009d6                ADC_Cmd
 .text.ADC_DMACmd
                0x00000000000009e6       0x12 ./Peripheral/src/ch32x035_adc.o
                0x00000000000009e6                ADC_DMACmd
 .text.ADC_SoftwareStartConvCmd
                0x00000000000009f8       0x18 ./Peripheral/src/ch32x035_adc.o
                0x00000000000009f8                ADC_SoftwareStartConvCmd
 .text.ADC_RegularChannelConfig
                0x0000000000000a10       0xb8 ./Peripheral/src/ch32x035_adc.o
                0x0000000000000a10                ADC_RegularChannelConfig
 .text.ADC_GetConversionValue
                0x0000000000000ac8        0x8 ./Peripheral/src/ch32x035_adc.o
                0x0000000000000ac8                ADC_GetConversionValue
 .text.ADC_GetFlagStatus
                0x0000000000000ad0        0xa ./Peripheral/src/ch32x035_adc.o
                0x0000000000000ad0                ADC_GetFlagStatus
 .text.ADC_CLKConfig
                0x0000000000000ada        0xc ./Peripheral/src/ch32x035_adc.o
                0x0000000000000ada                ADC_CLKConfig
 .text.DBGMCU_GetCHIPID
                0x0000000000000ae6        0xa ./Peripheral/src/ch32x035_dbgmcu.o
                0x0000000000000ae6                DBGMCU_GetCHIPID
 .text.GPIO_Init
                0x0000000000000af0      0x18e ./Peripheral/src/ch32x035_gpio.o
                0x0000000000000af0                GPIO_Init
 .text.GPIO_ReadInputDataBit
                0x0000000000000c7e        0xa ./Peripheral/src/ch32x035_gpio.o
                0x0000000000000c7e                GPIO_ReadInputDataBit
 .text.GPIO_SetBits
                0x0000000000000c88        0xe ./Peripheral/src/ch32x035_gpio.o
                0x0000000000000c88                GPIO_SetBits
 .text.GPIO_ResetBits
                0x0000000000000c96        0x4 ./Peripheral/src/ch32x035_gpio.o
                0x0000000000000c96                GPIO_ResetBits
 .text.RCC_GetClocksFreq
                0x0000000000000c9a       0x3e ./Peripheral/src/ch32x035_rcc.o
                0x0000000000000c9a                RCC_GetClocksFreq
 .text.RCC_APB2PeriphClockCmd
                0x0000000000000cd8       0x1e ./Peripheral/src/ch32x035_rcc.o
                0x0000000000000cd8                RCC_APB2PeriphClockCmd
 .text.RCC_APB2PeriphResetCmd
                0x0000000000000cf6       0x1e ./Peripheral/src/ch32x035_rcc.o
                0x0000000000000cf6                RCC_APB2PeriphResetCmd
 .text.TIM_TimeBaseInit
                0x0000000000000d14       0x56 ./Peripheral/src/ch32x035_tim.o
                0x0000000000000d14                TIM_TimeBaseInit
 .text.TIM_OC1Init
                0x0000000000000d6a       0x72 ./Peripheral/src/ch32x035_tim.o
                0x0000000000000d6a                TIM_OC1Init
 .text.TIM_Cmd  0x0000000000000ddc       0x18 ./Peripheral/src/ch32x035_tim.o
                0x0000000000000ddc                TIM_Cmd
 .text.TIM_CtrlPWMOutputs
                0x0000000000000df4       0x16 ./Peripheral/src/ch32x035_tim.o
                0x0000000000000df4                TIM_CtrlPWMOutputs
 .text.TIM_ARRPreloadConfig
                0x0000000000000e0a       0x1a ./Peripheral/src/ch32x035_tim.o
                0x0000000000000e0a                TIM_ARRPreloadConfig
 .text.TIM_OC1PreloadConfig
                0x0000000000000e24        0xe ./Peripheral/src/ch32x035_tim.o
                0x0000000000000e24                TIM_OC1PreloadConfig
 .text.USART_Init
                0x0000000000000e32       0x8e ./Peripheral/src/ch32x035_usart.o
                0x0000000000000e32                USART_Init
 .text.USART_Cmd
                0x0000000000000ec0       0x16 ./Peripheral/src/ch32x035_usart.o
                0x0000000000000ec0                USART_Cmd
 .text.USART_SendData
                0x0000000000000ed6        0x8 ./Peripheral/src/ch32x035_usart.o
                0x0000000000000ed6                USART_SendData
 .text.USART_GetFlagStatus
                0x0000000000000ede        0xa ./Peripheral/src/ch32x035_usart.o
                0x0000000000000ede                USART_GetFlagStatus
 .text.Delay_Init
                0x0000000000000ee8       0x2a ./Debug/debug.o
                0x0000000000000ee8                Delay_Init
 .text.Delay_Us
                0x0000000000000f12       0x36 ./Debug/debug.o
                0x0000000000000f12                Delay_Us
 .text.Delay_Ms
                0x0000000000000f48       0x36 ./Debug/debug.o
                0x0000000000000f48                Delay_Ms
 .text.USART_Printf_Init
                0x0000000000000f7e       0x54 ./Debug/debug.o
                0x0000000000000f7e                USART_Printf_Init
 .text._write   0x0000000000000fd2       0x3a ./Debug/debug.o
                0x0000000000000fd2                _write
 .text._sbrk    0x000000000000100c       0x26 ./Debug/debug.o
                0x000000000000100c                _sbrk
 .text.log      0x0000000000001032      0x112 e:/app/code/mounriver/mounriver_studio2/resources/app/resources/win32/components/wch/toolchain/risc-v embedded gcc/bin/../lib/gcc/riscv-none-embed/8.2.0/../../../../riscv-none-embed/lib/rv32imacxw/ilp32\libm.a(lib_a-w_log.o)
                0x0000000000001032                log
 .text.__ieee754_log
                0x0000000000001144      0x3d8 e:/app/code/mounriver/mounriver_studio2/resources/app/resources/win32/components/wch/toolchain/risc-v embedded gcc/bin/../lib/gcc/riscv-none-embed/8.2.0/../../../../riscv-none-embed/lib/rv32imacxw/ilp32\libm.a(lib_a-e_log.o)
                0x0000000000001144                __ieee754_log
 .text.matherr  0x000000000000151c        0x4 e:/app/code/mounriver/mounriver_studio2/resources/app/resources/win32/components/wch/toolchain/risc-v embedded gcc/bin/../lib/gcc/riscv-none-embed/8.2.0/../../../../riscv-none-embed/lib/rv32imacxw/ilp32\libm.a(lib_a-s_matherr.o)
                0x000000000000151c                matherr
 .text.nan      0x0000000000001520        0xe e:/app/code/mounriver/mounriver_studio2/resources/app/resources/win32/components/wch/toolchain/risc-v embedded gcc/bin/../lib/gcc/riscv-none-embed/8.2.0/../../../../riscv-none-embed/lib/rv32imacxw/ilp32\libm.a(lib_a-s_nan.o)
                0x0000000000001520                nan
 .text.__adddf3
                0x000000000000152e      0x730 e:/app/code/mounriver/mounriver_studio2/resources/app/resources/win32/components/wch/toolchain/risc-v embedded gcc/bin/../lib/gcc/riscv-none-embed/8.2.0/rv32imacxw/ilp32\libgcc.a(adddf3.o)
                0x000000000000152e                __adddf3
 .text.__divdf3
                0x0000000000001c5e      0x5b4 e:/app/code/mounriver/mounriver_studio2/resources/app/resources/win32/components/wch/toolchain/risc-v embedded gcc/bin/../lib/gcc/riscv-none-embed/8.2.0/rv32imacxw/ilp32\libgcc.a(divdf3.o)
                0x0000000000001c5e                __divdf3
 .text.__eqdf2  0x0000000000002212       0x6a e:/app/code/mounriver/mounriver_studio2/resources/app/resources/win32/components/wch/toolchain/risc-v embedded gcc/bin/../lib/gcc/riscv-none-embed/8.2.0/rv32imacxw/ilp32\libgcc.a(eqdf2.o)
                0x0000000000002212                __nedf2
                0x0000000000002212                __eqdf2
 .text.__gedf2  0x000000000000227c       0xae e:/app/code/mounriver/mounriver_studio2/resources/app/resources/win32/components/wch/toolchain/risc-v embedded gcc/bin/../lib/gcc/riscv-none-embed/8.2.0/rv32imacxw/ilp32\libgcc.a(gedf2.o)
                0x000000000000227c                __gedf2
                0x000000000000227c                __gtdf2
 .text.__muldf3
                0x000000000000232a      0x4b8 e:/app/code/mounriver/mounriver_studio2/resources/app/resources/win32/components/wch/toolchain/risc-v embedded gcc/bin/../lib/gcc/riscv-none-embed/8.2.0/rv32imacxw/ilp32\libgcc.a(muldf3.o)
                0x000000000000232a                __muldf3
 .text.__subdf3
                0x00000000000027e2      0x73e e:/app/code/mounriver/mounriver_studio2/resources/app/resources/win32/components/wch/toolchain/risc-v embedded gcc/bin/../lib/gcc/riscv-none-embed/8.2.0/rv32imacxw/ilp32\libgcc.a(subdf3.o)
                0x00000000000027e2                __subdf3
 .text.__unorddf2
                0x0000000000002f20       0x3c e:/app/code/mounriver/mounriver_studio2/resources/app/resources/win32/components/wch/toolchain/risc-v embedded gcc/bin/../lib/gcc/riscv-none-embed/8.2.0/rv32imacxw/ilp32\libgcc.a(unorddf2.o)
                0x0000000000002f20                __unorddf2
 .text.__floatsidf
                0x0000000000002f5c       0x72 e:/app/code/mounriver/mounriver_studio2/resources/app/resources/win32/components/wch/toolchain/risc-v embedded gcc/bin/../lib/gcc/riscv-none-embed/8.2.0/rv32imacxw/ilp32\libgcc.a(floatsidf.o)
                0x0000000000002f5c                __floatsidf
 .text.__divsf3
                0x0000000000002fce      0x2b2 e:/app/code/mounriver/mounriver_studio2/resources/app/resources/win32/components/wch/toolchain/risc-v embedded gcc/bin/../lib/gcc/riscv-none-embed/8.2.0/rv32imacxw/ilp32\libgcc.a(divsf3.o)
                0x0000000000002fce                __divsf3
 .text.__gesf2  0x0000000000003280       0x86 e:/app/code/mounriver/mounriver_studio2/resources/app/resources/win32/components/wch/toolchain/risc-v embedded gcc/bin/../lib/gcc/riscv-none-embed/8.2.0/rv32imacxw/ilp32\libgcc.a(gesf2.o)
                0x0000000000003280                __gesf2
                0x0000000000003280                __gtsf2
 .text.__lesf2  0x0000000000003306       0x8c e:/app/code/mounriver/mounriver_studio2/resources/app/resources/win32/components/wch/toolchain/risc-v embedded gcc/bin/../lib/gcc/riscv-none-embed/8.2.0/rv32imacxw/ilp32\libgcc.a(lesf2.o)
                0x0000000000003306                __ltsf2
                0x0000000000003306                __lesf2
 .text.__mulsf3
                0x0000000000003392      0x294 e:/app/code/mounriver/mounriver_studio2/resources/app/resources/win32/components/wch/toolchain/risc-v embedded gcc/bin/../lib/gcc/riscv-none-embed/8.2.0/rv32imacxw/ilp32\libgcc.a(mulsf3.o)
                0x0000000000003392                __mulsf3
 .text.__subsf3
                0x0000000000003626      0x388 e:/app/code/mounriver/mounriver_studio2/resources/app/resources/win32/components/wch/toolchain/risc-v embedded gcc/bin/../lib/gcc/riscv-none-embed/8.2.0/rv32imacxw/ilp32\libgcc.a(subsf3.o)
                0x0000000000003626                __subsf3
 .text.__fixsfsi
                0x00000000000039ae       0x62 e:/app/code/mounriver/mounriver_studio2/resources/app/resources/win32/components/wch/toolchain/risc-v embedded gcc/bin/../lib/gcc/riscv-none-embed/8.2.0/rv32imacxw/ilp32\libgcc.a(fixsfsi.o)
                0x00000000000039ae                __fixsfsi
 .text.__fixunssfsi
                0x0000000000003a10       0x56 e:/app/code/mounriver/mounriver_studio2/resources/app/resources/win32/components/wch/toolchain/risc-v embedded gcc/bin/../lib/gcc/riscv-none-embed/8.2.0/rv32imacxw/ilp32\libgcc.a(fixunssfsi.o)
                0x0000000000003a10                __fixunssfsi
 .text.__floatunsisf
                0x0000000000003a66       0xce e:/app/code/mounriver/mounriver_studio2/resources/app/resources/win32/components/wch/toolchain/risc-v embedded gcc/bin/../lib/gcc/riscv-none-embed/8.2.0/rv32imacxw/ilp32\libgcc.a(floatunsisf.o)
                0x0000000000003a66                __floatunsisf
 .text.__extendsfdf2
                0x0000000000003b34       0xac e:/app/code/mounriver/mounriver_studio2/resources/app/resources/win32/components/wch/toolchain/risc-v embedded gcc/bin/../lib/gcc/riscv-none-embed/8.2.0/rv32imacxw/ilp32\libgcc.a(extendsfdf2.o)
                0x0000000000003b34                __extendsfdf2
 .text.__truncdfsf2
                0x0000000000003be0      0x16a e:/app/code/mounriver/mounriver_studio2/resources/app/resources/win32/components/wch/toolchain/risc-v embedded gcc/bin/../lib/gcc/riscv-none-embed/8.2.0/rv32imacxw/ilp32\libgcc.a(truncdfsf2.o)
                0x0000000000003be0                __truncdfsf2
 .text.__clzsi2
                0x0000000000003d4a       0x6e e:/app/code/mounriver/mounriver_studio2/resources/app/resources/win32/components/wch/toolchain/risc-v embedded gcc/bin/../lib/gcc/riscv-none-embed/8.2.0/rv32imacxw/ilp32\libgcc.a(_clzsi2.o)
                0x0000000000003d4a                __clzsi2
 .text.__errno  0x0000000000003db8        0x8 e:/app/code/mounriver/mounriver_studio2/resources/app/resources/win32/components/wch/toolchain/risc-v embedded gcc/bin/../lib/gcc/riscv-none-embed/8.2.0/../../../../riscv-none-embed/lib/rv32imacxw/ilp32\libg_nano.a(lib_a-errno.o)
                0x0000000000003db8                __errno
 .text.printf   0x0000000000003dc0       0x3e e:/app/code/mounriver/mounriver_studio2/resources/app/resources/win32/components/wch/toolchain/risc-v embedded gcc/bin/../lib/gcc/riscv-none-embed/8.2.0/../../../../riscv-none-embed/lib/rv32imacxw/ilp32\libg_nano.a(lib_a-printf.o)
                0x0000000000003dc0                iprintf
                0x0000000000003dc0                printf
 .text.std      0x0000000000003dfe       0x66 e:/app/code/mounriver/mounriver_studio2/resources/app/resources/win32/components/wch/toolchain/risc-v embedded gcc/bin/../lib/gcc/riscv-none-embed/8.2.0/../../../../riscv-none-embed/lib/rv32imacxw/ilp32\libg_nano.a(lib_a-findfp.o)
 .text._cleanup_r
                0x0000000000003e64        0xa e:/app/code/mounriver/mounriver_studio2/resources/app/resources/win32/components/wch/toolchain/risc-v embedded gcc/bin/../lib/gcc/riscv-none-embed/8.2.0/../../../../riscv-none-embed/lib/rv32imacxw/ilp32\libg_nano.a(lib_a-findfp.o)
                0x0000000000003e64                _cleanup_r
 .text.__sfmoreglue
                0x0000000000003e6e       0x46 e:/app/code/mounriver/mounriver_studio2/resources/app/resources/win32/components/wch/toolchain/risc-v embedded gcc/bin/../lib/gcc/riscv-none-embed/8.2.0/../../../../riscv-none-embed/lib/rv32imacxw/ilp32\libg_nano.a(lib_a-findfp.o)
                0x0000000000003e6e                __sfmoreglue
 .text.__sinit  0x0000000000003eb4       0x66 e:/app/code/mounriver/mounriver_studio2/resources/app/resources/win32/components/wch/toolchain/risc-v embedded gcc/bin/../lib/gcc/riscv-none-embed/8.2.0/../../../../riscv-none-embed/lib/rv32imacxw/ilp32\libg_nano.a(lib_a-findfp.o)
                0x0000000000003eb4                __sinit
 .text.__sfp    0x0000000000003f1a       0x9c e:/app/code/mounriver/mounriver_studio2/resources/app/resources/win32/components/wch/toolchain/risc-v embedded gcc/bin/../lib/gcc/riscv-none-embed/8.2.0/../../../../riscv-none-embed/lib/rv32imacxw/ilp32\libg_nano.a(lib_a-findfp.o)
                0x0000000000003f1a                __sfp
 .text._fwalk_reent
                0x0000000000003fb6       0x6a e:/app/code/mounriver/mounriver_studio2/resources/app/resources/win32/components/wch/toolchain/risc-v embedded gcc/bin/../lib/gcc/riscv-none-embed/8.2.0/../../../../riscv-none-embed/lib/rv32imacxw/ilp32\libg_nano.a(lib_a-fwalk.o)
                0x0000000000003fb6                _fwalk_reent
 .text._malloc_r
                0x0000000000004020       0xd4 e:/app/code/mounriver/mounriver_studio2/resources/app/resources/win32/components/wch/toolchain/risc-v embedded gcc/bin/../lib/gcc/riscv-none-embed/8.2.0/../../../../riscv-none-embed/lib/rv32imacxw/ilp32\libg_nano.a(lib_a-nano-mallocr.o)
                0x0000000000004020                _malloc_r
 .text.__sfputc_r
                0x00000000000040f4       0x26 e:/app/code/mounriver/mounriver_studio2/resources/app/resources/win32/components/wch/toolchain/risc-v embedded gcc/bin/../lib/gcc/riscv-none-embed/8.2.0/../../../../riscv-none-embed/lib/rv32imacxw/ilp32\libg_nano.a(lib_a-nano-vfprintf.o)
 .text.__sfputs_r
                0x000000000000411a       0x40 e:/app/code/mounriver/mounriver_studio2/resources/app/resources/win32/components/wch/toolchain/risc-v embedded gcc/bin/../lib/gcc/riscv-none-embed/8.2.0/../../../../riscv-none-embed/lib/rv32imacxw/ilp32\libg_nano.a(lib_a-nano-vfprintf.o)
                0x000000000000411a                __sfputs_r
 .text._vfprintf_r
                0x000000000000415a      0x28a e:/app/code/mounriver/mounriver_studio2/resources/app/resources/win32/components/wch/toolchain/risc-v embedded gcc/bin/../lib/gcc/riscv-none-embed/8.2.0/../../../../riscv-none-embed/lib/rv32imacxw/ilp32\libg_nano.a(lib_a-nano-vfprintf.o)
                0x000000000000415a                _vfprintf_r
                0x000000000000415a                _vfiprintf_r
 .text._printf_common
                0x00000000000043e4      0x10c e:/app/code/mounriver/mounriver_studio2/resources/app/resources/win32/components/wch/toolchain/risc-v embedded gcc/bin/../lib/gcc/riscv-none-embed/8.2.0/../../../../riscv-none-embed/lib/rv32imacxw/ilp32\libg_nano.a(lib_a-nano-vfprintf_i.o)
                0x00000000000043e4                _printf_common
 .text._printf_i
                0x00000000000044f0      0x2a2 e:/app/code/mounriver/mounriver_studio2/resources/app/resources/win32/components/wch/toolchain/risc-v embedded gcc/bin/../lib/gcc/riscv-none-embed/8.2.0/../../../../riscv-none-embed/lib/rv32imacxw/ilp32\libg_nano.a(lib_a-nano-vfprintf_i.o)
                0x00000000000044f0                _printf_i
 .text._sbrk_r  0x0000000000004792       0x2a e:/app/code/mounriver/mounriver_studio2/resources/app/resources/win32/components/wch/toolchain/risc-v embedded gcc/bin/../lib/gcc/riscv-none-embed/8.2.0/../../../../riscv-none-embed/lib/rv32imacxw/ilp32\libg_nano.a(lib_a-sbrkr.o)
                0x0000000000004792                _sbrk_r
 .text.__sread  0x00000000000047bc       0x2c e:/app/code/mounriver/mounriver_studio2/resources/app/resources/win32/components/wch/toolchain/risc-v embedded gcc/bin/../lib/gcc/riscv-none-embed/8.2.0/../../../../riscv-none-embed/lib/rv32imacxw/ilp32\libg_nano.a(lib_a-stdio.o)
                0x00000000000047bc                __sread
 .text.__swrite
                0x00000000000047e8       0x48 e:/app/code/mounriver/mounriver_studio2/resources/app/resources/win32/components/wch/toolchain/risc-v embedded gcc/bin/../lib/gcc/riscv-none-embed/8.2.0/../../../../riscv-none-embed/lib/rv32imacxw/ilp32\libg_nano.a(lib_a-stdio.o)
                0x00000000000047e8                __swrite
 .text.__sseek  0x0000000000004830       0x30 e:/app/code/mounriver/mounriver_studio2/resources/app/resources/win32/components/wch/toolchain/risc-v embedded gcc/bin/../lib/gcc/riscv-none-embed/8.2.0/../../../../riscv-none-embed/lib/rv32imacxw/ilp32\libg_nano.a(lib_a-stdio.o)
                0x0000000000004830                __sseek
 .text.__sclose
                0x0000000000004860        0x6 e:/app/code/mounriver/mounriver_studio2/resources/app/resources/win32/components/wch/toolchain/risc-v embedded gcc/bin/../lib/gcc/riscv-none-embed/8.2.0/../../../../riscv-none-embed/lib/rv32imacxw/ilp32\libg_nano.a(lib_a-stdio.o)
                0x0000000000004860                __sclose
 .text.__swbuf_r
                0x0000000000004866       0xbe e:/app/code/mounriver/mounriver_studio2/resources/app/resources/win32/components/wch/toolchain/risc-v embedded gcc/bin/../lib/gcc/riscv-none-embed/8.2.0/../../../../riscv-none-embed/lib/rv32imacxw/ilp32\libg_nano.a(lib_a-wbuf.o)
                0x0000000000004866                __swbuf_r
 .text._write_r
                0x0000000000004924       0x2e e:/app/code/mounriver/mounriver_studio2/resources/app/resources/win32/components/wch/toolchain/risc-v embedded gcc/bin/../lib/gcc/riscv-none-embed/8.2.0/../../../../riscv-none-embed/lib/rv32imacxw/ilp32\libg_nano.a(lib_a-writer.o)
                0x0000000000004924                _write_r
 .text.__swsetup_r
                0x0000000000004952       0xfe e:/app/code/mounriver/mounriver_studio2/resources/app/resources/win32/components/wch/toolchain/risc-v embedded gcc/bin/../lib/gcc/riscv-none-embed/8.2.0/../../../../riscv-none-embed/lib/rv32imacxw/ilp32\libg_nano.a(lib_a-wsetup.o)
                0x0000000000004952                __swsetup_r
 .text._close_r
                0x0000000000004a50       0x28 e:/app/code/mounriver/mounriver_studio2/resources/app/resources/win32/components/wch/toolchain/risc-v embedded gcc/bin/../lib/gcc/riscv-none-embed/8.2.0/../../../../riscv-none-embed/lib/rv32imacxw/ilp32\libg_nano.a(lib_a-closer.o)
                0x0000000000004a50                _close_r
 .text.__sflush_r
                0x0000000000004a78      0x130 e:/app/code/mounriver/mounriver_studio2/resources/app/resources/win32/components/wch/toolchain/risc-v embedded gcc/bin/../lib/gcc/riscv-none-embed/8.2.0/../../../../riscv-none-embed/lib/rv32imacxw/ilp32\libg_nano.a(lib_a-fflush.o)
                0x0000000000004a78                __sflush_r
 .text._fflush_r
                0x0000000000004ba8       0x66 e:/app/code/mounriver/mounriver_studio2/resources/app/resources/win32/components/wch/toolchain/risc-v embedded gcc/bin/../lib/gcc/riscv-none-embed/8.2.0/../../../../riscv-none-embed/lib/rv32imacxw/ilp32\libg_nano.a(lib_a-fflush.o)
                0x0000000000004ba8                _fflush_r
 .text._lseek_r
                0x0000000000004c0e       0x2c e:/app/code/mounriver/mounriver_studio2/resources/app/resources/win32/components/wch/toolchain/risc-v embedded gcc/bin/../lib/gcc/riscv-none-embed/8.2.0/../../../../riscv-none-embed/lib/rv32imacxw/ilp32\libg_nano.a(lib_a-lseekr.o)
                0x0000000000004c0e                _lseek_r
 .text.__swhatbuf_r
                0x0000000000004c3a       0x56 e:/app/code/mounriver/mounriver_studio2/resources/app/resources/win32/components/wch/toolchain/risc-v embedded gcc/bin/../lib/gcc/riscv-none-embed/8.2.0/../../../../riscv-none-embed/lib/rv32imacxw/ilp32\libg_nano.a(lib_a-makebuf.o)
                0x0000000000004c3a                __swhatbuf_r
 .text.__smakebuf_r
                0x0000000000004c90       0x90 e:/app/code/mounriver/mounriver_studio2/resources/app/resources/win32/components/wch/toolchain/risc-v embedded gcc/bin/../lib/gcc/riscv-none-embed/8.2.0/../../../../riscv-none-embed/lib/rv32imacxw/ilp32\libg_nano.a(lib_a-makebuf.o)
                0x0000000000004c90                __smakebuf_r
 .text.memchr   0x0000000000004d20       0x18 e:/app/code/mounriver/mounriver_studio2/resources/app/resources/win32/components/wch/toolchain/risc-v embedded gcc/bin/../lib/gcc/riscv-none-embed/8.2.0/../../../../riscv-none-embed/lib/rv32imacxw/ilp32\libg_nano.a(lib_a-memchr.o)
                0x0000000000004d20                memchr
 .text.__malloc_lock
                0x0000000000004d38        0x2 e:/app/code/mounriver/mounriver_studio2/resources/app/resources/win32/components/wch/toolchain/risc-v embedded gcc/bin/../lib/gcc/riscv-none-embed/8.2.0/../../../../riscv-none-embed/lib/rv32imacxw/ilp32\libg_nano.a(lib_a-mlock.o)
                0x0000000000004d38                __malloc_lock
 .text.__malloc_unlock
                0x0000000000004d3a        0x2 e:/app/code/mounriver/mounriver_studio2/resources/app/resources/win32/components/wch/toolchain/risc-v embedded gcc/bin/../lib/gcc/riscv-none-embed/8.2.0/../../../../riscv-none-embed/lib/rv32imacxw/ilp32\libg_nano.a(lib_a-mlock.o)
                0x0000000000004d3a                __malloc_unlock
 .text._free_r  0x0000000000004d3c       0xa4 e:/app/code/mounriver/mounriver_studio2/resources/app/resources/win32/components/wch/toolchain/risc-v embedded gcc/bin/../lib/gcc/riscv-none-embed/8.2.0/../../../../riscv-none-embed/lib/rv32imacxw/ilp32\libg_nano.a(lib_a-nano-freer.o)
                0x0000000000004d3c                _free_r
 .text._read_r  0x0000000000004de0       0x2c e:/app/code/mounriver/mounriver_studio2/resources/app/resources/win32/components/wch/toolchain/risc-v embedded gcc/bin/../lib/gcc/riscv-none-embed/8.2.0/../../../../riscv-none-embed/lib/rv32imacxw/ilp32\libg_nano.a(lib_a-readr.o)
                0x0000000000004de0                _read_r
 .text._fstat_r
                0x0000000000004e0c       0x2a e:/app/code/mounriver/mounriver_studio2/resources/app/resources/win32/components/wch/toolchain/risc-v embedded gcc/bin/../lib/gcc/riscv-none-embed/8.2.0/../../../../riscv-none-embed/lib/rv32imacxw/ilp32\libg_nano.a(lib_a-fstatr.o)
                0x0000000000004e0c                _fstat_r
 .text._isatty_r
                0x0000000000004e36       0x28 e:/app/code/mounriver/mounriver_studio2/resources/app/resources/win32/components/wch/toolchain/risc-v embedded gcc/bin/../lib/gcc/riscv-none-embed/8.2.0/../../../../riscv-none-embed/lib/rv32imacxw/ilp32\libg_nano.a(lib_a-isattyr.o)
                0x0000000000004e36                _isatty_r
 .text._close   0x0000000000004e5e        0xc e:/app/code/mounriver/mounriver_studio2/resources/app/resources/win32/components/wch/toolchain/risc-v embedded gcc/bin/../lib/gcc/riscv-none-embed/8.2.0/../../../../riscv-none-embed/lib/rv32imacxw/ilp32\libnosys.a(close.o)
                0x0000000000004e5e                _close
 .text._fstat   0x0000000000004e6a        0xc e:/app/code/mounriver/mounriver_studio2/resources/app/resources/win32/components/wch/toolchain/risc-v embedded gcc/bin/../lib/gcc/riscv-none-embed/8.2.0/../../../../riscv-none-embed/lib/rv32imacxw/ilp32\libnosys.a(fstat.o)
                0x0000000000004e6a                _fstat
 .text._isatty  0x0000000000004e76        0xc e:/app/code/mounriver/mounriver_studio2/resources/app/resources/win32/components/wch/toolchain/risc-v embedded gcc/bin/../lib/gcc/riscv-none-embed/8.2.0/../../../../riscv-none-embed/lib/rv32imacxw/ilp32\libnosys.a(isatty.o)
                0x0000000000004e76                _isatty
 .text._lseek   0x0000000000004e82        0xc e:/app/code/mounriver/mounriver_studio2/resources/app/resources/win32/components/wch/toolchain/risc-v embedded gcc/bin/../lib/gcc/riscv-none-embed/8.2.0/../../../../riscv-none-embed/lib/rv32imacxw/ilp32\libnosys.a(lseek.o)
                0x0000000000004e82                _lseek
 .text._read    0x0000000000004e8e        0xc e:/app/code/mounriver/mounriver_studio2/resources/app/resources/win32/components/wch/toolchain/risc-v embedded gcc/bin/../lib/gcc/riscv-none-embed/8.2.0/../../../../riscv-none-embed/lib/rv32imacxw/ilp32\libnosys.a(read.o)
                0x0000000000004e8e                _read
 *(.rodata)
 *(.rodata*)
 *fill*         0x0000000000004e9a        0x2 
 .rodata.calculatePWM.cst4
                0x0000000000004e9c       0x20 ./User/main.o
 *fill*         0x0000000000004ebc        0x4 
 .rodata.calculatePWM.cst8
                0x0000000000004ec0       0x20 ./User/main.o
 .rodata.calculatePWM.str1.4
                0x0000000000004ee0       0x34 ./User/main.o
 .rodata.main.cst4
                0x0000000000004f14        0x4 ./User/main.o
 .rodata.main.str1.4
                0x0000000000004f18       0x3d ./User/main.o
 *fill*         0x0000000000004f55        0x3 
 .rodata.log.cst8
                0x0000000000004f58       0x10 e:/app/code/mounriver/mounriver_studio2/resources/app/resources/win32/components/wch/toolchain/risc-v embedded gcc/bin/../lib/gcc/riscv-none-embed/8.2.0/../../../../riscv-none-embed/lib/rv32imacxw/ilp32\libm.a(lib_a-w_log.o)
 .rodata.log.str1.4
                0x0000000000004f68        0x4 e:/app/code/mounriver/mounriver_studio2/resources/app/resources/win32/components/wch/toolchain/risc-v embedded gcc/bin/../lib/gcc/riscv-none-embed/8.2.0/../../../../riscv-none-embed/lib/rv32imacxw/ilp32\libm.a(lib_a-w_log.o)
                                          0x5 (size before relaxing)
 *fill*         0x0000000000004f6c        0x4 
 .rodata.__ieee754_log.cst8
                0x0000000000004f70       0x70 e:/app/code/mounriver/mounriver_studio2/resources/app/resources/win32/components/wch/toolchain/risc-v embedded gcc/bin/../lib/gcc/riscv-none-embed/8.2.0/../../../../riscv-none-embed/lib/rv32imacxw/ilp32\libm.a(lib_a-e_log.o)
                                         0x78 (size before relaxing)
 .rodata.nan.cst8
                0x0000000000004fe0        0x8 e:/app/code/mounriver/mounriver_studio2/resources/app/resources/win32/components/wch/toolchain/risc-v embedded gcc/bin/../lib/gcc/riscv-none-embed/8.2.0/../../../../riscv-none-embed/lib/rv32imacxw/ilp32\libm.a(lib_a-s_nan.o)
 .rodata.__divdf3
                0x0000000000004fe8       0x40 e:/app/code/mounriver/mounriver_studio2/resources/app/resources/win32/components/wch/toolchain/risc-v embedded gcc/bin/../lib/gcc/riscv-none-embed/8.2.0/rv32imacxw/ilp32\libgcc.a(divdf3.o)
 .rodata.__muldf3
                0x0000000000005028       0x40 e:/app/code/mounriver/mounriver_studio2/resources/app/resources/win32/components/wch/toolchain/risc-v embedded gcc/bin/../lib/gcc/riscv-none-embed/8.2.0/rv32imacxw/ilp32\libgcc.a(muldf3.o)
 .rodata.__divsf3
                0x0000000000005068       0x80 e:/app/code/mounriver/mounriver_studio2/resources/app/resources/win32/components/wch/toolchain/risc-v embedded gcc/bin/../lib/gcc/riscv-none-embed/8.2.0/rv32imacxw/ilp32\libgcc.a(divsf3.o)
 .rodata.__mulsf3
                0x00000000000050e8       0x40 e:/app/code/mounriver/mounriver_studio2/resources/app/resources/win32/components/wch/toolchain/risc-v embedded gcc/bin/../lib/gcc/riscv-none-embed/8.2.0/rv32imacxw/ilp32\libgcc.a(mulsf3.o)
 .rodata.__clz_tab
                0x0000000000005128      0x100 e:/app/code/mounriver/mounriver_studio2/resources/app/resources/win32/components/wch/toolchain/risc-v embedded gcc/bin/../lib/gcc/riscv-none-embed/8.2.0/rv32imacxw/ilp32\libgcc.a(_clz.o)
                0x0000000000005128                __clz_tab
 .rodata.__sf_fake_stderr
                0x0000000000005228       0x20 e:/app/code/mounriver/mounriver_studio2/resources/app/resources/win32/components/wch/toolchain/risc-v embedded gcc/bin/../lib/gcc/riscv-none-embed/8.2.0/../../../../riscv-none-embed/lib/rv32imacxw/ilp32\libg_nano.a(lib_a-findfp.o)
                0x0000000000005228                __sf_fake_stderr
 .rodata.__sf_fake_stdin
                0x0000000000005248       0x20 e:/app/code/mounriver/mounriver_studio2/resources/app/resources/win32/components/wch/toolchain/risc-v embedded gcc/bin/../lib/gcc/riscv-none-embed/8.2.0/../../../../riscv-none-embed/lib/rv32imacxw/ilp32\libg_nano.a(lib_a-findfp.o)
                0x0000000000005248                __sf_fake_stdin
 .rodata.__sf_fake_stdout
                0x0000000000005268       0x20 e:/app/code/mounriver/mounriver_studio2/resources/app/resources/win32/components/wch/toolchain/risc-v embedded gcc/bin/../lib/gcc/riscv-none-embed/8.2.0/../../../../riscv-none-embed/lib/rv32imacxw/ilp32\libg_nano.a(lib_a-findfp.o)
                0x0000000000005268                __sf_fake_stdout
 .rodata._vfprintf_r.str1.4
                0x0000000000005288       0x13 e:/app/code/mounriver/mounriver_studio2/resources/app/resources/win32/components/wch/toolchain/risc-v embedded gcc/bin/../lib/gcc/riscv-none-embed/8.2.0/../../../../riscv-none-embed/lib/rv32imacxw/ilp32\libg_nano.a(lib_a-nano-vfprintf.o)
 *fill*         0x000000000000529b        0x1 
 .rodata._printf_i.str1.4
                0x000000000000529c       0x28 e:/app/code/mounriver/mounriver_studio2/resources/app/resources/win32/components/wch/toolchain/risc-v embedded gcc/bin/../lib/gcc/riscv-none-embed/8.2.0/../../../../riscv-none-embed/lib/rv32imacxw/ilp32\libg_nano.a(lib_a-nano-vfprintf_i.o)
                                         0x25 (size before relaxing)
 *(.gnu.linkonce.t.*)
                0x00000000000052c4                . = ALIGN (0x4)

.rela.dyn       0x00000000000052c4        0x0
 .rela.init     0x00000000000052c4        0x0 ./User/AiP650E.o
 .rela.vector   0x00000000000052c4        0x0 ./User/AiP650E.o
 .rela.text.handle_reset
                0x00000000000052c4        0x0 ./User/AiP650E.o
 .rela.text._sbrk
                0x00000000000052c4        0x0 ./User/AiP650E.o
 .rela.sdata.curbrk.4335
                0x00000000000052c4        0x0 ./User/AiP650E.o
 .rela.text._vfprintf_r
                0x00000000000052c4        0x0 ./User/AiP650E.o
 .rela.text._sbrk_r
                0x00000000000052c4        0x0 ./User/AiP650E.o
 .rela.text._write_r
                0x00000000000052c4        0x0 ./User/AiP650E.o
 .rela.text._close_r
                0x00000000000052c4        0x0 ./User/AiP650E.o
 .rela.text._lseek_r
                0x00000000000052c4        0x0 ./User/AiP650E.o
 .rela.text._read_r
                0x00000000000052c4        0x0 ./User/AiP650E.o
 .rela.text._fstat_r
                0x00000000000052c4        0x0 ./User/AiP650E.o
 .rela.text._isatty_r
                0x00000000000052c4        0x0 ./User/AiP650E.o
 .rela.text._close
                0x00000000000052c4        0x0 ./User/AiP650E.o
 .rela.text._fstat
                0x00000000000052c4        0x0 ./User/AiP650E.o
 .rela.text._isatty
                0x00000000000052c4        0x0 ./User/AiP650E.o
 .rela.text._lseek
                0x00000000000052c4        0x0 ./User/AiP650E.o
 .rela.text._read
                0x00000000000052c4        0x0 ./User/AiP650E.o

.fini           0x00000000000052c4        0x0
 *(SORT_NONE(.fini))
                0x00000000000052c4                . = ALIGN (0x4)
                [!provide]                        PROVIDE (_etext = .)
                [!provide]                        PROVIDE (_eitcm = .)

.preinit_array  0x00000000000052c4        0x0
                [!provide]                        PROVIDE (__preinit_array_start = .)
 *(.preinit_array)
                [!provide]                        PROVIDE (__preinit_array_end = .)

.init_array     0x00000000000052c4        0x0
                [!provide]                        PROVIDE (__init_array_start = .)
 *(SORT_BY_INIT_PRIORITY(.init_array.*) SORT_BY_INIT_PRIORITY(.ctors.*))
 *(.init_array EXCLUDE_FILE(*crtend?.o *crtend.o *crtbegin?.o *crtbegin.o) .ctors)
                [!provide]                        PROVIDE (__init_array_end = .)

.fini_array     0x00000000000052c4        0x0
                [!provide]                        PROVIDE (__fini_array_start = .)
 *(SORT_BY_INIT_PRIORITY(.fini_array.*) SORT_BY_INIT_PRIORITY(.dtors.*))
 *(.fini_array EXCLUDE_FILE(*crtend?.o *crtend.o *crtbegin?.o *crtbegin.o) .dtors)
                [!provide]                        PROVIDE (__fini_array_end = .)

.ctors
 *crtbegin.o(.ctors)
 *crtbegin?.o(.ctors)
 *(EXCLUDE_FILE(*crtend?.o *crtend.o) .ctors)
 *(SORT_BY_NAME(.ctors.*))
 *(.ctors)

.dtors
 *crtbegin.o(.dtors)
 *crtbegin?.o(.dtors)
 *(EXCLUDE_FILE(*crtend?.o *crtend.o) .dtors)
 *(SORT_BY_NAME(.dtors.*))
 *(.dtors)

.dalign         0x0000000020000000        0x0 load address 0x00000000000052c4
                0x0000000020000000                . = ALIGN (0x4)
                0x0000000020000000                PROVIDE (_data_vma = .)

.dlalign        0x00000000000052c4        0x0
                0x00000000000052c4                . = ALIGN (0x4)
                0x00000000000052c4                PROVIDE (_data_lma = .)

.data           0x0000000020000000       0xa0 load address 0x00000000000052c4
 *(.gnu.linkonce.r.*)
 *(.data .data.*)
 .data.AHBPrescTable
                0x0000000020000000       0x10 ./User/system_ch32x035.o
                0x0000000020000000                AHBPrescTable
 .data.APBAHBPrescTable
                0x0000000020000010       0x10 ./Peripheral/src/ch32x035_rcc.o
 .data.impure_data
                0x0000000020000020       0x60 e:/app/code/mounriver/mounriver_studio2/resources/app/resources/win32/components/wch/toolchain/risc-v embedded gcc/bin/../lib/gcc/riscv-none-embed/8.2.0/../../../../riscv-none-embed/lib/rv32imacxw/ilp32\libg_nano.a(lib_a-impure.o)
 *(.gnu.linkonce.d.*)
                0x0000000020000080                . = ALIGN (0x8)
                0x0000000020000880                PROVIDE (__global_pointer$ = (. + 0x800))
 *(.sdata .sdata.*)
 .sdata.SystemCoreClock
                0x0000000020000080        0x4 ./User/system_ch32x035.o
                0x0000000020000080                SystemCoreClock
 .sdata.CFGHR_tmpA
                0x0000000020000084        0x4 ./Peripheral/src/ch32x035_gpio.o
                0x0000000020000084                CFGHR_tmpA
 .sdata.CFGHR_tmpB
                0x0000000020000088        0x4 ./Peripheral/src/ch32x035_gpio.o
                0x0000000020000088                CFGHR_tmpB
 .sdata.CFGHR_tmpC
                0x000000002000008c        0x4 ./Peripheral/src/ch32x035_gpio.o
                0x000000002000008c                CFGHR_tmpC
 .sdata.curbrk.4335
                0x0000000020000090        0x4 ./Debug/debug.o
 .sdata.__fdlib_version
                0x0000000020000094        0x4 e:/app/code/mounriver/mounriver_studio2/resources/app/resources/win32/components/wch/toolchain/risc-v embedded gcc/bin/../lib/gcc/riscv-none-embed/8.2.0/../../../../riscv-none-embed/lib/rv32imacxw/ilp32\libm.a(lib_a-s_lib_ver.o)
                0x0000000020000094                __fdlib_version
 .sdata._impure_ptr
                0x0000000020000098        0x4 e:/app/code/mounriver/mounriver_studio2/resources/app/resources/win32/components/wch/toolchain/risc-v embedded gcc/bin/../lib/gcc/riscv-none-embed/8.2.0/../../../../riscv-none-embed/lib/rv32imacxw/ilp32\libg_nano.a(lib_a-impure.o)
                0x0000000020000098                _impure_ptr
 *(.sdata2.*)
 .sdata2._global_impure_ptr
                0x000000002000009c        0x4 e:/app/code/mounriver/mounriver_studio2/resources/app/resources/win32/components/wch/toolchain/risc-v embedded gcc/bin/../lib/gcc/riscv-none-embed/8.2.0/../../../../riscv-none-embed/lib/rv32imacxw/ilp32\libg_nano.a(lib_a-impure.o)
                0x000000002000009c                _global_impure_ptr
 *(.gnu.linkonce.s.*)
                0x00000000200000a0                . = ALIGN (0x8)
 *(.srodata.cst16)
 *(.srodata.cst8)
 *(.srodata.cst4)
 *(.srodata.cst2)
 *(.srodata .srodata.*)
                0x00000000200000a0                . = ALIGN (0x4)
                0x00000000200000a0                PROVIDE (_edata = .)

.bss            0x00000000200000a0       0x10 load address 0x0000000000005364
                0x00000000200000a0                . = ALIGN (0x4)
                0x00000000200000a0                PROVIDE (_sbss = .)
 *(.sbss*)
 .sbss.p_ms     0x00000000200000a0        0x2 ./Debug/debug.o
 .sbss.p_us     0x00000000200000a2        0x1 ./Debug/debug.o
 *fill*         0x00000000200000a3        0x1 
 .sbss.__malloc_free_list
                0x00000000200000a4        0x4 e:/app/code/mounriver/mounriver_studio2/resources/app/resources/win32/components/wch/toolchain/risc-v embedded gcc/bin/../lib/gcc/riscv-none-embed/8.2.0/../../../../riscv-none-embed/lib/rv32imacxw/ilp32\libg_nano.a(lib_a-nano-mallocr.o)
                0x00000000200000a4                __malloc_free_list
 .sbss.__malloc_sbrk_start
                0x00000000200000a8        0x4 e:/app/code/mounriver/mounriver_studio2/resources/app/resources/win32/components/wch/toolchain/risc-v embedded gcc/bin/../lib/gcc/riscv-none-embed/8.2.0/../../../../riscv-none-embed/lib/rv32imacxw/ilp32\libg_nano.a(lib_a-nano-mallocr.o)
                0x00000000200000a8                __malloc_sbrk_start
 *(.gnu.linkonce.sb.*)
 *(.bss*)
 *(.gnu.linkonce.b.*)
 *(COMMON*)
 COMMON         0x00000000200000ac        0x4 e:/app/code/mounriver/mounriver_studio2/resources/app/resources/win32/components/wch/toolchain/risc-v embedded gcc/bin/../lib/gcc/riscv-none-embed/8.2.0/../../../../riscv-none-embed/lib/rv32imacxw/ilp32\libg_nano.a(lib_a-reent.o)
                0x00000000200000ac                errno
                0x00000000200000b0                . = ALIGN (0x4)
                0x00000000200000b0                PROVIDE (_ebss = .)
                0x00000000200000b0                PROVIDE (_end = _ebss)
                [!provide]                        PROVIDE (end = .)

.stack          0x0000000020004800      0x800
                0x0000000020004800                PROVIDE (_heap_end = .)
                0x0000000020004800                . = ALIGN (0x4)
                [!provide]                        PROVIDE (_susrstack = .)
                0x0000000020005000                . = (. + __stack_size)
 *fill*         0x0000000020004800      0x800 
                0x0000000020005000                PROVIDE (_eusrstack = .)
OUTPUT(Temp_Control_System.elf elf32-littleriscv)

.debug_info     0x0000000000000000     0xd21d
 .debug_info    0x0000000000000000     0x1121 ./User/AiP650E.o
 .debug_info    0x0000000000001121      0xbc0 ./User/ch32x035_it.o
 .debug_info    0x0000000000001ce1     0x1c22 ./User/main.o
 .debug_info    0x0000000000003903      0xb56 ./User/system_ch32x035.o
 .debug_info    0x0000000000004459       0x22 ./Startup/startup_ch32x035.o
 .debug_info    0x000000000000447b     0x15d6 ./Peripheral/src/ch32x035_adc.o
 .debug_info    0x0000000000005a51      0xa94 ./Peripheral/src/ch32x035_dbgmcu.o
 .debug_info    0x00000000000064e5     0x11c9 ./Peripheral/src/ch32x035_gpio.o
 .debug_info    0x00000000000076ae      0xd8f ./Peripheral/src/ch32x035_rcc.o
 .debug_info    0x000000000000843d     0x2b87 ./Peripheral/src/ch32x035_tim.o
 .debug_info    0x000000000000afc4     0x1333 ./Peripheral/src/ch32x035_usart.o
 .debug_info    0x000000000000c2f7      0xf26 ./Debug/debug.o

.debug_abbrev   0x0000000000000000     0x217a
 .debug_abbrev  0x0000000000000000      0x2b0 ./User/AiP650E.o
 .debug_abbrev  0x00000000000002b0      0x22c ./User/ch32x035_it.o
 .debug_abbrev  0x00000000000004dc      0x39d ./User/main.o
 .debug_abbrev  0x0000000000000879      0x258 ./User/system_ch32x035.o
 .debug_abbrev  0x0000000000000ad1       0x12 ./Startup/startup_ch32x035.o
 .debug_abbrev  0x0000000000000ae3      0x323 ./Peripheral/src/ch32x035_adc.o
 .debug_abbrev  0x0000000000000e06      0x2f7 ./Peripheral/src/ch32x035_dbgmcu.o
 .debug_abbrev  0x00000000000010fd      0x34b ./Peripheral/src/ch32x035_gpio.o
 .debug_abbrev  0x0000000000001448      0x326 ./Peripheral/src/ch32x035_rcc.o
 .debug_abbrev  0x000000000000176e      0x418 ./Peripheral/src/ch32x035_tim.o
 .debug_abbrev  0x0000000000001b86      0x312 ./Peripheral/src/ch32x035_usart.o
 .debug_abbrev  0x0000000000001e98      0x2e2 ./Debug/debug.o

.debug_loc      0x0000000000000000     0x3b84
 .debug_loc     0x0000000000000000       0xa8 ./User/AiP650E.o
 .debug_loc     0x00000000000000a8      0x1d7 ./User/main.o
 .debug_loc     0x000000000000027f       0x1f ./User/system_ch32x035.o
 .debug_loc     0x000000000000029e      0xa41 ./Peripheral/src/ch32x035_adc.o
 .debug_loc     0x0000000000000cdf       0x7c ./Peripheral/src/ch32x035_dbgmcu.o
 .debug_loc     0x0000000000000d5b      0x863 ./Peripheral/src/ch32x035_gpio.o
 .debug_loc     0x00000000000015be      0x34e ./Peripheral/src/ch32x035_rcc.o
 .debug_loc     0x000000000000190c     0x19ec ./Peripheral/src/ch32x035_tim.o
 .debug_loc     0x00000000000032f8      0x715 ./Peripheral/src/ch32x035_usart.o
 .debug_loc     0x0000000000003a0d      0x177 ./Debug/debug.o

.debug_aranges  0x0000000000000000      0x7e8
 .debug_aranges
                0x0000000000000000       0x50 ./User/AiP650E.o
 .debug_aranges
                0x0000000000000050       0x28 ./User/ch32x035_it.o
 .debug_aranges
                0x0000000000000078       0x48 ./User/main.o
 .debug_aranges
                0x00000000000000c0       0x28 ./User/system_ch32x035.o
 .debug_aranges
                0x00000000000000e8       0x30 ./Startup/startup_ch32x035.o
 .debug_aranges
                0x0000000000000118      0x140 ./Peripheral/src/ch32x035_adc.o
 .debug_aranges
                0x0000000000000258       0x48 ./Peripheral/src/ch32x035_dbgmcu.o
 .debug_aranges
                0x00000000000002a0       0x98 ./Peripheral/src/ch32x035_gpio.o
 .debug_aranges
                0x0000000000000338       0x80 ./Peripheral/src/ch32x035_rcc.o
 .debug_aranges
                0x00000000000003b8      0x2f0 ./Peripheral/src/ch32x035_tim.o
 .debug_aranges
                0x00000000000006a8       0xf0 ./Peripheral/src/ch32x035_usart.o
 .debug_aranges
                0x0000000000000798       0x50 ./Debug/debug.o

.debug_ranges   0x0000000000000000      0x7b0
 .debug_ranges  0x0000000000000000       0x78 ./User/AiP650E.o
 .debug_ranges  0x0000000000000078       0x18 ./User/ch32x035_it.o
 .debug_ranges  0x0000000000000090       0x38 ./User/main.o
 .debug_ranges  0x00000000000000c8       0x18 ./User/system_ch32x035.o
 .debug_ranges  0x00000000000000e0       0x28 ./Startup/startup_ch32x035.o
 .debug_ranges  0x0000000000000108      0x130 ./Peripheral/src/ch32x035_adc.o
 .debug_ranges  0x0000000000000238       0x50 ./Peripheral/src/ch32x035_dbgmcu.o
 .debug_ranges  0x0000000000000288       0x88 ./Peripheral/src/ch32x035_gpio.o
 .debug_ranges  0x0000000000000310       0x70 ./Peripheral/src/ch32x035_rcc.o
 .debug_ranges  0x0000000000000380      0x310 ./Peripheral/src/ch32x035_tim.o
 .debug_ranges  0x0000000000000690       0xe0 ./Peripheral/src/ch32x035_usart.o
 .debug_ranges  0x0000000000000770       0x40 ./Debug/debug.o

.debug_line     0x0000000000000000     0x9f0e
 .debug_line    0x0000000000000000      0x961 ./User/AiP650E.o
 .debug_line    0x0000000000000961      0x33d ./User/ch32x035_it.o
 .debug_line    0x0000000000000c9e      0xdeb ./User/main.o
 .debug_line    0x0000000000001a89      0x41d ./User/system_ch32x035.o
 .debug_line    0x0000000000001ea6      0x141 ./Startup/startup_ch32x035.o
 .debug_line    0x0000000000001fe7     0x15aa ./Peripheral/src/ch32x035_adc.o
 .debug_line    0x0000000000003591      0x439 ./Peripheral/src/ch32x035_dbgmcu.o
 .debug_line    0x00000000000039ca     0x132f ./Peripheral/src/ch32x035_gpio.o
 .debug_line    0x0000000000004cf9      0x872 ./Peripheral/src/ch32x035_rcc.o
 .debug_line    0x000000000000556b     0x3296 ./Peripheral/src/ch32x035_tim.o
 .debug_line    0x0000000000008801      0xf22 ./Peripheral/src/ch32x035_usart.o
 .debug_line    0x0000000000009723      0x7eb ./Debug/debug.o

.debug_str      0x0000000000000000     0x27d9
 .debug_str     0x0000000000000000      0x749 ./User/AiP650E.o
                                        0x7b2 (size before relaxing)
 .debug_str     0x0000000000000749       0xec ./User/ch32x035_it.o
                                        0x693 (size before relaxing)
 .debug_str     0x0000000000000835      0x6ea ./User/main.o
                                        0xea0 (size before relaxing)
 .debug_str     0x0000000000000f1f       0xc1 ./User/system_ch32x035.o
                                        0x6c2 (size before relaxing)
 .debug_str     0x0000000000000fe0       0x4d ./Startup/startup_ch32x035.o
                                         0x87 (size before relaxing)
 .debug_str     0x000000000000102d      0x46f ./Peripheral/src/ch32x035_adc.o
                                        0xc32 (size before relaxing)
 .debug_str     0x000000000000149c       0xa1 ./Peripheral/src/ch32x035_dbgmcu.o
                                        0x677 (size before relaxing)
 .debug_str     0x000000000000153d      0x1f1 ./Peripheral/src/ch32x035_gpio.o
                                        0x97d (size before relaxing)
 .debug_str     0x000000000000172e      0x1d0 ./Peripheral/src/ch32x035_rcc.o
                                        0x881 (size before relaxing)
 .debug_str     0x00000000000018fe      0xa37 ./Peripheral/src/ch32x035_tim.o
                                       0x13b1 (size before relaxing)
 .debug_str     0x0000000000002335      0x3f9 ./Peripheral/src/ch32x035_usart.o
                                        0xb0a (size before relaxing)
 .debug_str     0x000000000000272e       0xab ./Debug/debug.o
                                        0x90b (size before relaxing)

.comment        0x0000000000000000       0x33
 .comment       0x0000000000000000       0x33 ./User/AiP650E.o
                                         0x34 (size before relaxing)
 .comment       0x0000000000000033       0x34 ./User/ch32x035_it.o
 .comment       0x0000000000000033       0x34 ./User/main.o
 .comment       0x0000000000000033       0x34 ./User/system_ch32x035.o
 .comment       0x0000000000000033       0x34 ./Peripheral/src/ch32x035_adc.o
 .comment       0x0000000000000033       0x34 ./Peripheral/src/ch32x035_dbgmcu.o
 .comment       0x0000000000000033       0x34 ./Peripheral/src/ch32x035_gpio.o
 .comment       0x0000000000000033       0x34 ./Peripheral/src/ch32x035_rcc.o
 .comment       0x0000000000000033       0x34 ./Peripheral/src/ch32x035_tim.o
 .comment       0x0000000000000033       0x34 ./Peripheral/src/ch32x035_usart.o
 .comment       0x0000000000000033       0x34 ./Debug/debug.o

.debug_frame    0x0000000000000000     0x1e34
 .debug_frame   0x0000000000000000      0x120 ./User/AiP650E.o
 .debug_frame   0x0000000000000120       0x30 ./User/ch32x035_it.o
 .debug_frame   0x0000000000000150       0xfc ./User/main.o
 .debug_frame   0x000000000000024c       0x30 ./User/system_ch32x035.o
 .debug_frame   0x000000000000027c      0x27c ./Peripheral/src/ch32x035_adc.o
 .debug_frame   0x00000000000004f8       0x70 ./Peripheral/src/ch32x035_dbgmcu.o
 .debug_frame   0x0000000000000568      0x140 ./Peripheral/src/ch32x035_gpio.o
 .debug_frame   0x00000000000006a8       0xfc ./Peripheral/src/ch32x035_rcc.o
 .debug_frame   0x00000000000007a4      0x654 ./Peripheral/src/ch32x035_tim.o
 .debug_frame   0x0000000000000df8      0x1e4 ./Peripheral/src/ch32x035_usart.o
 .debug_frame   0x0000000000000fdc       0xb8 ./Debug/debug.o
 .debug_frame   0x0000000000001094       0x44 e:/app/code/mounriver/mounriver_studio2/resources/app/resources/win32/components/wch/toolchain/risc-v embedded gcc/bin/../lib/gcc/riscv-none-embed/8.2.0/../../../../riscv-none-embed/lib/rv32imacxw/ilp32\libm.a(lib_a-w_log.o)
 .debug_frame   0x00000000000010d8       0x60 e:/app/code/mounriver/mounriver_studio2/resources/app/resources/win32/components/wch/toolchain/risc-v embedded gcc/bin/../lib/gcc/riscv-none-embed/8.2.0/../../../../riscv-none-embed/lib/rv32imacxw/ilp32\libm.a(lib_a-e_log.o)
 .debug_frame   0x0000000000001138       0x20 e:/app/code/mounriver/mounriver_studio2/resources/app/resources/win32/components/wch/toolchain/risc-v embedded gcc/bin/../lib/gcc/riscv-none-embed/8.2.0/../../../../riscv-none-embed/lib/rv32imacxw/ilp32\libm.a(lib_a-s_matherr.o)
 .debug_frame   0x0000000000001158       0x20 e:/app/code/mounriver/mounriver_studio2/resources/app/resources/win32/components/wch/toolchain/risc-v embedded gcc/bin/../lib/gcc/riscv-none-embed/8.2.0/../../../../riscv-none-embed/lib/rv32imacxw/ilp32\libm.a(lib_a-s_nan.o)
 .debug_frame   0x0000000000001178       0x44 e:/app/code/mounriver/mounriver_studio2/resources/app/resources/win32/components/wch/toolchain/risc-v embedded gcc/bin/../lib/gcc/riscv-none-embed/8.2.0/rv32imacxw/ilp32\libgcc.a(adddf3.o)
 .debug_frame   0x00000000000011bc       0x50 e:/app/code/mounriver/mounriver_studio2/resources/app/resources/win32/components/wch/toolchain/risc-v embedded gcc/bin/../lib/gcc/riscv-none-embed/8.2.0/rv32imacxw/ilp32\libgcc.a(divdf3.o)
 .debug_frame   0x000000000000120c       0x20 e:/app/code/mounriver/mounriver_studio2/resources/app/resources/win32/components/wch/toolchain/risc-v embedded gcc/bin/../lib/gcc/riscv-none-embed/8.2.0/rv32imacxw/ilp32\libgcc.a(eqdf2.o)
 .debug_frame   0x000000000000122c       0x20 e:/app/code/mounriver/mounriver_studio2/resources/app/resources/win32/components/wch/toolchain/risc-v embedded gcc/bin/../lib/gcc/riscv-none-embed/8.2.0/rv32imacxw/ilp32\libgcc.a(gedf2.o)
 .debug_frame   0x000000000000124c       0x54 e:/app/code/mounriver/mounriver_studio2/resources/app/resources/win32/components/wch/toolchain/risc-v embedded gcc/bin/../lib/gcc/riscv-none-embed/8.2.0/rv32imacxw/ilp32\libgcc.a(muldf3.o)
 .debug_frame   0x00000000000012a0       0x44 e:/app/code/mounriver/mounriver_studio2/resources/app/resources/win32/components/wch/toolchain/risc-v embedded gcc/bin/../lib/gcc/riscv-none-embed/8.2.0/rv32imacxw/ilp32\libgcc.a(subdf3.o)
 .debug_frame   0x00000000000012e4       0x20 e:/app/code/mounriver/mounriver_studio2/resources/app/resources/win32/components/wch/toolchain/risc-v embedded gcc/bin/../lib/gcc/riscv-none-embed/8.2.0/rv32imacxw/ilp32\libgcc.a(unorddf2.o)
 .debug_frame   0x0000000000001304       0x38 e:/app/code/mounriver/mounriver_studio2/resources/app/resources/win32/components/wch/toolchain/risc-v embedded gcc/bin/../lib/gcc/riscv-none-embed/8.2.0/rv32imacxw/ilp32\libgcc.a(floatsidf.o)
 .debug_frame   0x000000000000133c       0x50 e:/app/code/mounriver/mounriver_studio2/resources/app/resources/win32/components/wch/toolchain/risc-v embedded gcc/bin/../lib/gcc/riscv-none-embed/8.2.0/rv32imacxw/ilp32\libgcc.a(divsf3.o)
 .debug_frame   0x000000000000138c       0x20 e:/app/code/mounriver/mounriver_studio2/resources/app/resources/win32/components/wch/toolchain/risc-v embedded gcc/bin/../lib/gcc/riscv-none-embed/8.2.0/rv32imacxw/ilp32\libgcc.a(gesf2.o)
 .debug_frame   0x00000000000013ac       0x20 e:/app/code/mounriver/mounriver_studio2/resources/app/resources/win32/components/wch/toolchain/risc-v embedded gcc/bin/../lib/gcc/riscv-none-embed/8.2.0/rv32imacxw/ilp32\libgcc.a(lesf2.o)
 .debug_frame   0x00000000000013cc       0x50 e:/app/code/mounriver/mounriver_studio2/resources/app/resources/win32/components/wch/toolchain/risc-v embedded gcc/bin/../lib/gcc/riscv-none-embed/8.2.0/rv32imacxw/ilp32\libgcc.a(mulsf3.o)
 .debug_frame   0x000000000000141c       0x3c e:/app/code/mounriver/mounriver_studio2/resources/app/resources/win32/components/wch/toolchain/risc-v embedded gcc/bin/../lib/gcc/riscv-none-embed/8.2.0/rv32imacxw/ilp32\libgcc.a(subsf3.o)
 .debug_frame   0x0000000000001458       0x20 e:/app/code/mounriver/mounriver_studio2/resources/app/resources/win32/components/wch/toolchain/risc-v embedded gcc/bin/../lib/gcc/riscv-none-embed/8.2.0/rv32imacxw/ilp32\libgcc.a(fixsfsi.o)
 .debug_frame   0x0000000000001478       0x20 e:/app/code/mounriver/mounriver_studio2/resources/app/resources/win32/components/wch/toolchain/risc-v embedded gcc/bin/../lib/gcc/riscv-none-embed/8.2.0/rv32imacxw/ilp32\libgcc.a(fixunssfsi.o)
 .debug_frame   0x0000000000001498       0x44 e:/app/code/mounriver/mounriver_studio2/resources/app/resources/win32/components/wch/toolchain/risc-v embedded gcc/bin/../lib/gcc/riscv-none-embed/8.2.0/rv32imacxw/ilp32\libgcc.a(floatunsisf.o)
 .debug_frame   0x00000000000014dc       0x38 e:/app/code/mounriver/mounriver_studio2/resources/app/resources/win32/components/wch/toolchain/risc-v embedded gcc/bin/../lib/gcc/riscv-none-embed/8.2.0/rv32imacxw/ilp32\libgcc.a(extendsfdf2.o)
 .debug_frame   0x0000000000001514       0x20 e:/app/code/mounriver/mounriver_studio2/resources/app/resources/win32/components/wch/toolchain/risc-v embedded gcc/bin/../lib/gcc/riscv-none-embed/8.2.0/rv32imacxw/ilp32\libgcc.a(truncdfsf2.o)
 .debug_frame   0x0000000000001534       0x20 e:/app/code/mounriver/mounriver_studio2/resources/app/resources/win32/components/wch/toolchain/risc-v embedded gcc/bin/../lib/gcc/riscv-none-embed/8.2.0/rv32imacxw/ilp32\libgcc.a(_clzsi2.o)
 .debug_frame   0x0000000000001554       0x20 e:/app/code/mounriver/mounriver_studio2/resources/app/resources/win32/components/wch/toolchain/risc-v embedded gcc/bin/../lib/gcc/riscv-none-embed/8.2.0/../../../../riscv-none-embed/lib/rv32imacxw/ilp32\libg_nano.a(lib_a-errno.o)
 .debug_frame   0x0000000000001574       0x54 e:/app/code/mounriver/mounriver_studio2/resources/app/resources/win32/components/wch/toolchain/risc-v embedded gcc/bin/../lib/gcc/riscv-none-embed/8.2.0/../../../../riscv-none-embed/lib/rv32imacxw/ilp32\libg_nano.a(lib_a-printf.o)
 .debug_frame   0x00000000000015c8      0x148 e:/app/code/mounriver/mounriver_studio2/resources/app/resources/win32/components/wch/toolchain/risc-v embedded gcc/bin/../lib/gcc/riscv-none-embed/8.2.0/../../../../riscv-none-embed/lib/rv32imacxw/ilp32\libg_nano.a(lib_a-findfp.o)
 .debug_frame   0x0000000000001710       0x88 e:/app/code/mounriver/mounriver_studio2/resources/app/resources/win32/components/wch/toolchain/risc-v embedded gcc/bin/../lib/gcc/riscv-none-embed/8.2.0/../../../../riscv-none-embed/lib/rv32imacxw/ilp32\libg_nano.a(lib_a-fwalk.o)
 .debug_frame   0x0000000000001798       0x40 e:/app/code/mounriver/mounriver_studio2/resources/app/resources/win32/components/wch/toolchain/risc-v embedded gcc/bin/../lib/gcc/riscv-none-embed/8.2.0/../../../../riscv-none-embed/lib/rv32imacxw/ilp32\libg_nano.a(lib_a-nano-mallocr.o)
 .debug_frame   0x00000000000017d8       0xd0 e:/app/code/mounriver/mounriver_studio2/resources/app/resources/win32/components/wch/toolchain/risc-v embedded gcc/bin/../lib/gcc/riscv-none-embed/8.2.0/../../../../riscv-none-embed/lib/rv32imacxw/ilp32\libg_nano.a(lib_a-nano-vfprintf.o)
 .debug_frame   0x00000000000018a8       0x8c e:/app/code/mounriver/mounriver_studio2/resources/app/resources/win32/components/wch/toolchain/risc-v embedded gcc/bin/../lib/gcc/riscv-none-embed/8.2.0/../../../../riscv-none-embed/lib/rv32imacxw/ilp32\libg_nano.a(lib_a-nano-vfprintf_i.o)
 .debug_frame   0x0000000000001934       0x30 e:/app/code/mounriver/mounriver_studio2/resources/app/resources/win32/components/wch/toolchain/risc-v embedded gcc/bin/../lib/gcc/riscv-none-embed/8.2.0/../../../../riscv-none-embed/lib/rv32imacxw/ilp32\libg_nano.a(lib_a-sbrkr.o)
 .debug_frame   0x0000000000001964       0xa4 e:/app/code/mounriver/mounriver_studio2/resources/app/resources/win32/components/wch/toolchain/risc-v embedded gcc/bin/../lib/gcc/riscv-none-embed/8.2.0/../../../../riscv-none-embed/lib/rv32imacxw/ilp32\libg_nano.a(lib_a-stdio.o)
 .debug_frame   0x0000000000001a08       0x50 e:/app/code/mounriver/mounriver_studio2/resources/app/resources/win32/components/wch/toolchain/risc-v embedded gcc/bin/../lib/gcc/riscv-none-embed/8.2.0/../../../../riscv-none-embed/lib/rv32imacxw/ilp32\libg_nano.a(lib_a-wbuf.o)
 .debug_frame   0x0000000000001a58       0x30 e:/app/code/mounriver/mounriver_studio2/resources/app/resources/win32/components/wch/toolchain/risc-v embedded gcc/bin/../lib/gcc/riscv-none-embed/8.2.0/../../../../riscv-none-embed/lib/rv32imacxw/ilp32\libg_nano.a(lib_a-writer.o)
 .debug_frame   0x0000000000001a88       0x3c e:/app/code/mounriver/mounriver_studio2/resources/app/resources/win32/components/wch/toolchain/risc-v embedded gcc/bin/../lib/gcc/riscv-none-embed/8.2.0/../../../../riscv-none-embed/lib/rv32imacxw/ilp32\libg_nano.a(lib_a-wsetup.o)
 .debug_frame   0x0000000000001ac4       0x30 e:/app/code/mounriver/mounriver_studio2/resources/app/resources/win32/components/wch/toolchain/risc-v embedded gcc/bin/../lib/gcc/riscv-none-embed/8.2.0/../../../../riscv-none-embed/lib/rv32imacxw/ilp32\libg_nano.a(lib_a-closer.o)
 .debug_frame   0x0000000000001af4       0x7c e:/app/code/mounriver/mounriver_studio2/resources/app/resources/win32/components/wch/toolchain/risc-v embedded gcc/bin/../lib/gcc/riscv-none-embed/8.2.0/../../../../riscv-none-embed/lib/rv32imacxw/ilp32\libg_nano.a(lib_a-fflush.o)
 .debug_frame   0x0000000000001b70       0x30 e:/app/code/mounriver/mounriver_studio2/resources/app/resources/win32/components/wch/toolchain/risc-v embedded gcc/bin/../lib/gcc/riscv-none-embed/8.2.0/../../../../riscv-none-embed/lib/rv32imacxw/ilp32\libg_nano.a(lib_a-lseekr.o)
 .debug_frame   0x0000000000001ba0       0x64 e:/app/code/mounriver/mounriver_studio2/resources/app/resources/win32/components/wch/toolchain/risc-v embedded gcc/bin/../lib/gcc/riscv-none-embed/8.2.0/../../../../riscv-none-embed/lib/rv32imacxw/ilp32\libg_nano.a(lib_a-makebuf.o)
 .debug_frame   0x0000000000001c04       0x20 e:/app/code/mounriver/mounriver_studio2/resources/app/resources/win32/components/wch/toolchain/risc-v embedded gcc/bin/../lib/gcc/riscv-none-embed/8.2.0/../../../../riscv-none-embed/lib/rv32imacxw/ilp32\libg_nano.a(lib_a-memchr.o)
 .debug_frame   0x0000000000001c24       0x30 e:/app/code/mounriver/mounriver_studio2/resources/app/resources/win32/components/wch/toolchain/risc-v embedded gcc/bin/../lib/gcc/riscv-none-embed/8.2.0/../../../../riscv-none-embed/lib/rv32imacxw/ilp32\libg_nano.a(lib_a-mlock.o)
 .debug_frame   0x0000000000001c54       0x40 e:/app/code/mounriver/mounriver_studio2/resources/app/resources/win32/components/wch/toolchain/risc-v embedded gcc/bin/../lib/gcc/riscv-none-embed/8.2.0/../../../../riscv-none-embed/lib/rv32imacxw/ilp32\libg_nano.a(lib_a-nano-freer.o)
 .debug_frame   0x0000000000001c94       0x30 e:/app/code/mounriver/mounriver_studio2/resources/app/resources/win32/components/wch/toolchain/risc-v embedded gcc/bin/../lib/gcc/riscv-none-embed/8.2.0/../../../../riscv-none-embed/lib/rv32imacxw/ilp32\libg_nano.a(lib_a-readr.o)
 .debug_frame   0x0000000000001cc4       0x70 e:/app/code/mounriver/mounriver_studio2/resources/app/resources/win32/components/wch/toolchain/risc-v embedded gcc/bin/../lib/gcc/riscv-none-embed/8.2.0/../../../../riscv-none-embed/lib/rv32imacxw/ilp32\libg_nano.a(lib_a-reent.o)
 .debug_frame   0x0000000000001d34       0x30 e:/app/code/mounriver/mounriver_studio2/resources/app/resources/win32/components/wch/toolchain/risc-v embedded gcc/bin/../lib/gcc/riscv-none-embed/8.2.0/../../../../riscv-none-embed/lib/rv32imacxw/ilp32\libg_nano.a(lib_a-fstatr.o)
 .debug_frame   0x0000000000001d64       0x30 e:/app/code/mounriver/mounriver_studio2/resources/app/resources/win32/components/wch/toolchain/risc-v embedded gcc/bin/../lib/gcc/riscv-none-embed/8.2.0/../../../../riscv-none-embed/lib/rv32imacxw/ilp32\libg_nano.a(lib_a-isattyr.o)
 .debug_frame   0x0000000000001d94       0x20 e:/app/code/mounriver/mounriver_studio2/resources/app/resources/win32/components/wch/toolchain/risc-v embedded gcc/bin/../lib/gcc/riscv-none-embed/8.2.0/../../../../riscv-none-embed/lib/rv32imacxw/ilp32\libnosys.a(close.o)
 .debug_frame   0x0000000000001db4       0x20 e:/app/code/mounriver/mounriver_studio2/resources/app/resources/win32/components/wch/toolchain/risc-v embedded gcc/bin/../lib/gcc/riscv-none-embed/8.2.0/../../../../riscv-none-embed/lib/rv32imacxw/ilp32\libnosys.a(fstat.o)
 .debug_frame   0x0000000000001dd4       0x20 e:/app/code/mounriver/mounriver_studio2/resources/app/resources/win32/components/wch/toolchain/risc-v embedded gcc/bin/../lib/gcc/riscv-none-embed/8.2.0/../../../../riscv-none-embed/lib/rv32imacxw/ilp32\libnosys.a(isatty.o)
 .debug_frame   0x0000000000001df4       0x20 e:/app/code/mounriver/mounriver_studio2/resources/app/resources/win32/components/wch/toolchain/risc-v embedded gcc/bin/../lib/gcc/riscv-none-embed/8.2.0/../../../../riscv-none-embed/lib/rv32imacxw/ilp32\libnosys.a(lseek.o)
 .debug_frame   0x0000000000001e14       0x20 e:/app/code/mounriver/mounriver_studio2/resources/app/resources/win32/components/wch/toolchain/risc-v embedded gcc/bin/../lib/gcc/riscv-none-embed/8.2.0/../../../../riscv-none-embed/lib/rv32imacxw/ilp32\libnosys.a(read.o)

.stab           0x0000000000000000       0x84
 .stab          0x0000000000000000       0x24 e:/app/code/mounriver/mounriver_studio2/resources/app/resources/win32/components/wch/toolchain/risc-v embedded gcc/bin/../lib/gcc/riscv-none-embed/8.2.0/../../../../riscv-none-embed/lib/rv32imacxw/ilp32\libnosys.a(close.o)
 .stab          0x0000000000000024       0x18 e:/app/code/mounriver/mounriver_studio2/resources/app/resources/win32/components/wch/toolchain/risc-v embedded gcc/bin/../lib/gcc/riscv-none-embed/8.2.0/../../../../riscv-none-embed/lib/rv32imacxw/ilp32\libnosys.a(fstat.o)
                                         0x24 (size before relaxing)
 .stab          0x000000000000003c       0x18 e:/app/code/mounriver/mounriver_studio2/resources/app/resources/win32/components/wch/toolchain/risc-v embedded gcc/bin/../lib/gcc/riscv-none-embed/8.2.0/../../../../riscv-none-embed/lib/rv32imacxw/ilp32\libnosys.a(isatty.o)
                                         0x24 (size before relaxing)
 .stab          0x0000000000000054       0x18 e:/app/code/mounriver/mounriver_studio2/resources/app/resources/win32/components/wch/toolchain/risc-v embedded gcc/bin/../lib/gcc/riscv-none-embed/8.2.0/../../../../riscv-none-embed/lib/rv32imacxw/ilp32\libnosys.a(lseek.o)
                                         0x24 (size before relaxing)
 .stab          0x000000000000006c       0x18 e:/app/code/mounriver/mounriver_studio2/resources/app/resources/win32/components/wch/toolchain/risc-v embedded gcc/bin/../lib/gcc/riscv-none-embed/8.2.0/../../../../riscv-none-embed/lib/rv32imacxw/ilp32\libnosys.a(read.o)
                                         0x24 (size before relaxing)

.stabstr        0x0000000000000000      0x117
 .stabstr       0x0000000000000000      0x117 e:/app/code/mounriver/mounriver_studio2/resources/app/resources/win32/components/wch/toolchain/risc-v embedded gcc/bin/../lib/gcc/riscv-none-embed/8.2.0/../../../../riscv-none-embed/lib/rv32imacxw/ilp32\libnosys.a(close.o)
